Archive member included to satisfy reference by file (symbol)

platform/libplatform_s.a(hw_init.o)
                              secure_fw/CMakeFiles/tfm_s.dir/__/platform/ext/target/nordic_nrf/common/core/startup.o (hw_init_reset_on_boot)
platform/libplatform_s.a(system_nrf91.o)
                              secure_fw/CMakeFiles/tfm_s.dir/__/platform/ext/target/nordic_nrf/common/core/startup.o (SystemInit)
platform/libplatform_s.a(exception_info.o)
                              secure_fw/CMakeFiles/tfm_s.dir/__/platform/ext/target/nordic_nrf/common/core/startup_nrf91.o (store_and_dump_context)
secure_fw/partitions/lib/runtime/libtfm_sprt.a(crt_memcpy.o)
                              platform/libplatform_s.a(exception_info.o) (memcpy)
secure_fw/partitions/lib/runtime/libtfm_sprt.a(crt_memset.o)
                              c:/ncs/toolchains/ce3b5ff664/opt/zephyr-sdk/arm-zephyr-eabi/bin/../lib/gcc/arm-zephyr-eabi/12.2.0/../../../../arm-zephyr-eabi/lib/thumb/v8-m.main+fp/hard/crt0.o (memset)
secure_fw/partitions/lib/runtime/libtfm_sprt.a(psa_interface_sfn.o)
                              secure_fw/CMakeFiles/tfm_s.dir/partitions/ns_agent_tz/psa_api_veneers_v80m.o (psa_framework_version)
secure_fw/spm/libtfm_spm.a(utilities.o)
                              secure_fw/CMakeFiles/tfm_s.dir/__/platform/ext/target/nordic_nrf/common/core/startup.o (tfm_core_panic)
secure_fw/spm/libtfm_spm.a(main.o)
                              c:/ncs/toolchains/ce3b5ff664/opt/zephyr-sdk/arm-zephyr-eabi/bin/../lib/gcc/arm-zephyr-eabi/12.2.0/../../../../arm-zephyr-eabi/lib/thumb/v8-m.main+fp/hard/crt0.o (main)
secure_fw/spm/libtfm_spm.a(psa_api.o)
                              secure_fw/partitions/lib/runtime/libtfm_sprt.a(psa_interface_sfn.o) (spm_handle_programmer_errors)
secure_fw/spm/libtfm_spm.a(psa_call_api.o)
                              secure_fw/partitions/lib/runtime/libtfm_sprt.a(psa_interface_sfn.o) (tfm_spm_client_psa_call)
secure_fw/spm/libtfm_spm.a(psa_version_api.o)
                              secure_fw/partitions/lib/runtime/libtfm_sprt.a(psa_interface_sfn.o) (tfm_spm_client_psa_framework_version)
secure_fw/spm/libtfm_spm.a(psa_read_write_skip_api.o)
                              secure_fw/partitions/lib/runtime/libtfm_sprt.a(psa_interface_sfn.o) (tfm_spm_partition_psa_read)
secure_fw/spm/libtfm_spm.a(backend_sfn.o)
                              secure_fw/partitions/lib/runtime/libtfm_sprt.a(psa_interface_sfn.o) (p_current_partition)
secure_fw/spm/libtfm_spm.a(tfm_svcalls.o)
                              secure_fw/spm/libtfm_spm.a(main.o) (tfm_core_handler_mode)
secure_fw/spm/libtfm_spm.a(spm_local_connection.o)
                              secure_fw/spm/libtfm_spm.a(psa_api.o) (spm_free_connection)
secure_fw/spm/libtfm_spm.a(tfm_arch_v8m_main.o)
                              secure_fw/spm/libtfm_spm.a(main.o) (tfm_arch_set_secure_exception_priorities)
secure_fw/spm/libtfm_spm.a(ns_agent_tz_v80m.o)
                              secure_fw/CMakeFiles/tfm_s.dir/partitions/ns_agent_tz/load_info_ns_agent_tz.o (ns_agent_tz_main)
secure_fw/spm/libtfm_spm.a(tfm_hal_isolation.o)
                              secure_fw/spm/libtfm_spm.a(psa_call_api.o) (tfm_hal_memory_check)
secure_fw/spm/libtfm_spm.a(tfm_hal_platform_common.o)
                              secure_fw/spm/libtfm_spm.a(backend_sfn.o) (tfm_hal_get_ns_entry_point)
secure_fw/spm/libtfm_spm.a(faults.o)
                              secure_fw/CMakeFiles/tfm_s.dir/__/platform/ext/target/nordic_nrf/common/core/startup_nrf91.o (SPU_IRQHandler)
secure_fw/spm/libtfm_spm.a(target_cfg.o)
                              secure_fw/spm/libtfm_spm.a(tfm_hal_platform_common.o) (enable_fault_handlers)
secure_fw/spm/libtfm_spm.a(tfm_boot_data.o)
                              secure_fw/spm/libtfm_spm.a(main.o) (tfm_core_validate_boot_data)
secure_fw/spm/libtfm_spm.a(tfm_arch.o)
                              secure_fw/spm/libtfm_spm.a(tfm_svcalls.o) (tfm_arch_free_msp_and_exc_ret)
secure_fw/spm/libtfm_spm.a(spm_ipc.o)
                              secure_fw/spm/libtfm_spm.a(psa_version_api.o) (tfm_spm_get_service_by_sid)
secure_fw/spm/libtfm_spm.a(rom_loader.o)
                              secure_fw/spm/libtfm_spm.a(spm_ipc.o) (load_a_partition_assuredly)
secure_fw/spm/libtfm_spm.a(tfm_spm_ns_ctx.o)
                              secure_fw/spm/libtfm_spm.a(spm_ipc.o) (tfm_nspm_get_current_client_id)
secure_fw/partitions/crypto/libtfm_psa_rot_partition_crypto.a(crypto_init.o)
                              secure_fw/CMakeFiles/tfm_s.dir/__/generated/secure_fw/partitions/crypto/auto_generated/load_info_tfm_crypto.o (tfm_crypto_init)
secure_fw/partitions/crypto/libtfm_psa_rot_partition_crypto.a(crypto_alloc.o)
                              secure_fw/partitions/crypto/libtfm_psa_rot_partition_crypto.a(crypto_init.o) (tfm_crypto_init_alloc)
secure_fw/partitions/crypto/libtfm_psa_rot_partition_crypto.a(crypto_cipher.o)
[...]
Memory Configuration

Name             Origin             Length             Attributes
FLASH            0x0000000000010200 0x0000000000007e00 xr
RAM              0x0000000020000000 0x0000000000008000 xrw
*default*        0x0000000000000000 0xffffffffffffffff

Linker script and memory map

LOAD c:/ncs/toolchains/ce3b5ff664/opt/zephyr-sdk/arm-zephyr-eabi/bin/../lib/gcc/arm-zephyr-eabi/12.2.0/thumb/v8-m.main+fp/hard/crti.o
LOAD c:/ncs/toolchains/ce3b5ff664/opt/zephyr-sdk/arm-zephyr-eabi/bin/../lib/gcc/arm-zephyr-eabi/12.2.0/thumb/v8-m.main+fp/hard/crtbegin.o
LOAD c:/ncs/toolchains/ce3b5ff664/opt/zephyr-sdk/arm-zephyr-eabi/bin/../lib/gcc/arm-zephyr-eabi/12.2.0/../../../../arm-zephyr-eabi/lib/thumb/v8-m.main+fp/hard/crt0.o
LOAD secure_fw/CMakeFiles/tfm_s.dir/partitions/ns_agent_tz/psa_api_veneers_v80m.o
LOAD secure_fw/CMakeFiles/tfm_s.dir/__/platform/ext/target/nordic_nrf/common/core/startup.o
LOAD secure_fw/CMakeFiles/tfm_s.dir/__/platform/ext/target/nordic_nrf/common/core/startup_nrf91.o
LOAD secure_fw/CMakeFiles/tfm_s.dir/__/platform/ext/common/faults.o
LOAD secure_fw/CMakeFiles/tfm_s.dir/__/generated/secure_fw/partitions/crypto/auto_generated/load_info_tfm_crypto.o
LOAD secure_fw/CMakeFiles/tfm_s.dir/__/generated/secure_fw/partitions/platform/auto_generated/load_info_tfm_platform.o
LOAD secure_fw/CMakeFiles/tfm_s.dir/partitions/ns_agent_tz/load_info_ns_agent_tz.o
LOAD secure_fw/CMakeFiles/tfm_s.dir/__/platform/ext/common/syscalls_stub.o
LOAD platform/libplatform_s.a
LOAD secure_fw/partitions/lib/runtime/libtfm_sprt.a
LOAD secure_fw/spm/libtfm_spm.a
LOAD secure_fw/partitions/crypto/libtfm_psa_rot_partition_crypto.a
LOAD platform/libplatform_crypto_keys.a
LOAD secure_fw/partitions/crypto/mbedcrypto/nrf_security_src/libcrypto_service_mbedcrypto.a
LOAD secure_fw/partitions/platform/libtfm_psa_rot_partition_platform.a
LOAD platform/libplatform_s.a
LOAD secure_fw/partitions/lib/runtime/libtfm_sprt.a
LOAD secure_fw/spm/libtfm_spm.a
LOAD secure_fw/partitions/crypto/libtfm_psa_rot_partition_crypto.a
LOAD platform/libplatform_crypto_keys.a
LOAD secure_fw/partitions/crypto/mbedcrypto/nrf_security_src/libcrypto_service_mbedcrypto.a
LOAD secure_fw/partitions/platform/libtfm_psa_rot_partition_platform.a
LOAD platform/libplatform_s.a
LOAD secure_fw/partitions/lib/runtime/libtfm_sprt.a
LOAD secure_fw/spm/libtfm_spm.a
LOAD secure_fw/partitions/crypto/libtfm_psa_rot_partition_crypto.a
LOAD platform/libplatform_crypto_keys.a
LOAD secure_fw/partitions/crypto/mbedcrypto/nrf_security_src/libcrypto_service_mbedcrypto.a
LOAD secure_fw/partitions/platform/libtfm_psa_rot_partition_platform.a
LOAD C:/ncs/v2.7.0/nrfxlib/crypto/nrf_cc310_platform/lib/cortex-m33/hard-float/no-interrupts/libnrf_cc310_platform_0.9.19.a
LOAD C:/ncs/v2.7.0/nrfxlib/crypto/nrf_oberon/lib/cortex-m33/hard-float/liboberon_mbedtls_3.0.15.a
LOAD secure_fw/partitions/crypto/mbedcrypto/nrf_security_src/libmbedcrypto_base.a
LOAD C:/ncs/v2.7.0/nrfxlib/crypto/nrf_oberon/lib/cortex-m33/hard-float/liboberon_3.0.15.a
START GROUP
LOAD c:/ncs/toolchains/ce3b5ff664/opt/zephyr-sdk/arm-zephyr-eabi/bin/../lib/gcc/arm-zephyr-eabi/12.2.0/thumb/v8-m.main+fp/hard\libgcc.a
LOAD c:/ncs/toolchains/ce3b5ff664/opt/zephyr-sdk/arm-zephyr-eabi/bin/../lib/gcc/arm-zephyr-eabi/12.2.0/../../../../arm-zephyr-eabi/lib/thumb/v8-m.main+fp/hard\libc_nano.a
END GROUP
START GROUP
LOAD c:/ncs/toolchains/ce3b5ff664/opt/zephyr-sdk/arm-zephyr-eabi/bin/../lib/gcc/arm-zephyr-eabi/12.2.0/thumb/v8-m.main+fp/hard\libgcc.a
LOAD c:/ncs/toolchains/ce3b5ff664/opt/zephyr-sdk/arm-zephyr-eabi/bin/../lib/gcc/arm-zephyr-eabi/12.2.0/../../../../arm-zephyr-eabi/lib/thumb/v8-m.main+fp/hard\libc_nano.a
END GROUP
LOAD c:/ncs/toolchains/ce3b5ff664/opt/zephyr-sdk/arm-zephyr-eabi/bin/../lib/gcc/arm-zephyr-eabi/12.2.0/thumb/v8-m.main+fp/hard/crtend.o
LOAD c:/ncs/toolchains/ce3b5ff664/opt/zephyr-sdk/arm-zephyr-eabi/bin/../lib/gcc/arm-zephyr-eabi/12.2.0/thumb/v8-m.main+fp/hard/crtn.o
                0x0000000000000800                __msp_stack_size__ = 0x800
START GROUP
LOAD c:/ncs/toolchains/ce3b5ff664/opt/zephyr-sdk/arm-zephyr-eabi/bin/../lib/gcc/arm-zephyr-eabi/12.2.0/thumb/v8-m.main+fp/hard\libgcc.a
LOAD c:/ncs/toolchains/ce3b5ff664/opt/zephyr-sdk/arm-zephyr-eabi/bin/../lib/gcc/arm-zephyr-eabi/12.2.0/../../../../arm-zephyr-eabi/lib/thumb/v8-m.main+fp/hard\libc.a
LOAD c:/ncs/toolchains/ce3b5ff664/opt/zephyr-sdk/arm-zephyr-eabi/bin/../lib/gcc/arm-zephyr-eabi/12.2.0/../../../../arm-zephyr-eabi/lib/thumb/v8-m.main+fp/hard\libm.a
LOAD c:/ncs/toolchains/ce3b5ff664/opt/zephyr-sdk/arm-zephyr-eabi/bin/../lib/gcc/arm-zephyr-eabi/12.2.0/../../../../arm-zephyr-eabi/lib/thumb/v8-m.main+fp/hard\libnosys.a
LOAD c:/ncs/toolchains/ce3b5ff664/opt/zephyr-sdk/arm-zephyr-eabi/bin/../lib/gcc/arm-zephyr-eabi/12.2.0/../../../../arm-zephyr-eabi/lib/thumb/v8-m.main+fp/hard\libc_nano.a
END GROUP

.TFM_VECTORS    0x0000000000010200      0x144
                0x0000000000010200                __vectors_start__ = .
 *(.vectors)
 .vectors       0x0000000000010200      0x144 secure_fw/CMakeFiles/tfm_s.dir/__/platform/ext/target/nordic_nrf/common/core/startup_nrf91.o
                0x0000000000010200                __Vectors
                0x0000000000010344                . = ALIGN (0x4)
                0x0000000000010344                __vectors_end__ = .
                0x0000000000000001                ASSERT ((. <= (ADDR (.TFM_VECTORS) + 0x144)), .TFM_VECTORS section size overflow.)
                0x0000000000010344                . = (ADDR (.TFM_VECTORS) + 0x144)

.TFM_SP_LOAD_LIST
                0x0000000000010344       0xbc
 *(.part_load_priority_00)
 .part_load_priority_00
                0x0000000000010344       0x30 secure_fw/CMakeFiles/tfm_s.dir/partitions/ns_agent_tz/load_info_ns_agent_tz.o
                0x0000000000010344                tfm_sp_ns_agent_tz_load
 *(.part_load_priority_01)
 *(.part_load_priority_02)
 .part_load_priority_02
                0x0000000000010374       0x48 secure_fw/CMakeFiles/tfm_s.dir/__/generated/secure_fw/partitions/crypto/auto_generated/load_info_tfm_crypto.o
                0x0000000000010374                tfm_sp_crypto_load
 .part_load_priority_02
                0x00000000000103bc       0x44 secure_fw/CMakeFiles/tfm_s.dir/__/generated/secure_fw/partitions/platform/auto_generated/load_info_tfm_platform.o
                0x00000000000103bc                tfm_sp_platform_load
 *(.part_load_priority_03)
                0x0000000000010344                Image$$TFM_SP_LOAD_LIST$$RO$$Base = ADDR (.TFM_SP_LOAD_LIST)
                0x0000000000010400                Image$$TFM_SP_LOAD_LIST$$RO$$Limit = (ADDR (.TFM_SP_LOAD_LIST) + SIZEOF (.TFM_SP_LOAD_LIST))
                0x0000000000010400                . = ALIGN (0x20)
                0x0000000000010400                Image$$TFM_PSA_CODE_START$$Base = .

.TFM_PSA_ROT_LINKER
                0x0000000000010400      0x420
 *tfm_psa_rot_partition*:(SORT_BY_ALIGNMENT(.text*))
 .text.tfm_crypto_clear_scratch
                0x0000000000010400       0x20 secure_fw/partitions/crypto/libtfm_psa_rot_partition_crypto.a(crypto_init.o)
 .text.tfm_crypto_api_dispatcher
                0x0000000000010420       0xb0 secure_fw/partitions/crypto/libtfm_psa_rot_partition_crypto.a(crypto_init.o)
                0x0000000000010420                tfm_crypto_api_dispatcher
 .text.tfm_crypto_sfn
                0x00000000000104d0      0x170 secure_fw/partitions/crypto/libtfm_psa_rot_partition_crypto.a(crypto_init.o)
                0x00000000000104d0                tfm_crypto_sfn
 .text.tfm_crypto_init_alloc
                0x0000000000010640       0x14 secure_fw/partitions/crypto/libtfm_psa_rot_partition_crypto.a(crypto_alloc.o)
                0x0000000000010640                tfm_crypto_init_alloc
 .text.tfm_crypto_library_get_info
                0x0000000000010654       0x1c secure_fw/partitions/crypto/libtfm_psa_rot_partition_crypto.a(crypto_library.o)
                0x0000000000010654                tfm_crypto_library_get_info
 .text.tfm_crypto_core_library_init
                0x0000000000010670       0x14 secure_fw/partitions/crypto/libtfm_psa_rot_partition_crypto.a(crypto_library.o)
                0x0000000000010670                tfm_crypto_core_library_init
 .text.tfm_crypto_init
                0x0000000000010684       0x1c secure_fw/partitions/crypto/libtfm_psa_rot_partition_crypto.a(crypto_init.o)
                0x0000000000010684                tfm_crypto_init
 .text.tfm_crypto_cipher_interface
                0x00000000000106a0        0x6 secure_fw/partitions/crypto/libtfm_psa_rot_partition_crypto.a(crypto_cipher.o)
                0x00000000000106a0                tfm_crypto_cipher_interface
 .text.tfm_crypto_hash_interface
                0x00000000000106a6        0x6 secure_fw/partitions/crypto/libtfm_psa_rot_partition_crypto.a(crypto_hash.o)
                0x00000000000106a6                tfm_crypto_hash_interface
 .text.tfm_crypto_mac_interface
                0x00000000000106ac        0x6 secure_fw/partitions/crypto/libtfm_psa_rot_partition_crypto.a(crypto_mac.o)
                0x00000000000106ac                tfm_crypto_mac_interface
 .text.tfm_crypto_aead_interface
                0x00000000000106b2        0x6 secure_fw/partitions/crypto/libtfm_psa_rot_partition_crypto.a(crypto_aead.o)
                0x00000000000106b2                tfm_crypto_aead_interface
 .text.tfm_crypto_asymmetric_sign_interface
                0x00000000000106b8        0x6 secure_fw/partitions/crypto/libtfm_psa_rot_partition_crypto.a(crypto_asymmetric.o)
                0x00000000000106b8                tfm_crypto_asymmetric_sign_interface
 .text.tfm_crypto_asymmetric_encrypt_interface
                0x00000000000106be        0x6 secure_fw/partitions/crypto/libtfm_psa_rot_partition_crypto.a(crypto_asymmetric.o)
                0x00000000000106be                tfm_crypto_asymmetric_encrypt_interface
 .text.tfm_crypto_key_derivation_interface
                0x00000000000106c4        0x6 secure_fw/partitions/crypto/libtfm_psa_rot_partition_crypto.a(crypto_key_derivation.o)
                0x00000000000106c4                tfm_crypto_key_derivation_interface
 .text.tfm_crypto_key_management_interface
                0x00000000000106ca        0x6 secure_fw/partitions/crypto/libtfm_psa_rot_partition_crypto.a(crypto_key_management.o)
                0x00000000000106ca                tfm_crypto_key_management_interface
 .text.tfm_crypto_random_interface
                0x00000000000106d0        0x8 secure_fw/partitions/crypto/libtfm_psa_rot_partition_crypto.a(crypto_rng.o)
                0x00000000000106d0                tfm_crypto_random_interface
 .text.tfm_crypto_pake_interface
                0x00000000000106d8        0x6 secure_fw/partitions/crypto/libtfm_psa_rot_partition_crypto.a(crypto_pake.o)
                0x00000000000106d8                tfm_crypto_pake_interface
 .text.tfm_platform_service_sfn
                0x00000000000106de      0x114 secure_fw/partitions/platform/libtfm_psa_rot_partition_platform.a(platform_sp.o)
                0x00000000000106de                tfm_platform_service_sfn
 .text.platform_sp_init
                0x00000000000107f2        0x4 secure_fw/partitions/platform/libtfm_psa_rot_partition_platform.a(platform_sp.o)
                0x00000000000107f2                platform_sp_init
 *tfm_psa_rot_partition*:(SORT_BY_ALIGNMENT(.rodata*))
 .rodata.tfm_crypto_library_get_info.str1.1
                0x00000000000107f6        0xf secure_fw/partitions/crypto/libtfm_psa_rot_partition_crypto.a(crypto_library.o)
 *(TFM_*_PSA-ROT_ATTR_FN)
                0x0000000000010820                . = ALIGN (0x20)
 *fill*         0x0000000000010805       0x1b 
                0x0000000000010400                Image$$TFM_PSA_ROT_LINKER$$RO$$Base = ADDR (.TFM_PSA_ROT_LINKER)
                0x0000000000010820                Image$$TFM_PSA_ROT_LINKER$$RO$$Limit = (ADDR (.TFM_PSA_ROT_LINKER) + SIZEOF (.TFM_PSA_ROT_LINKER))
                0x0000000000010400                Image$$TFM_PSA_ROT_LINKER$$Base = ADDR (.TFM_PSA_ROT_LINKER)
                0x0000000000010820                Image$$TFM_PSA_ROT_LINKER$$Limit = (ADDR (.TFM_PSA_ROT_LINKER) + SIZEOF (.TFM_PSA_ROT_LINKER))
                0x0000000000010820                Image$$TFM_PSA_CODE_END$$Base = .
                0x0000000000010820                Image$$TFM_APP_CODE_START$$Base = .

.TFM_APP_ROT_LINKER
                0x0000000000010820        0x0
 *tfm_app_rot_partition*:(SORT_BY_ALIGNMENT(.text*))
 *tfm_app_rot_partition*:(SORT_BY_ALIGNMENT(.rodata*))
 *(TFM_*_APP-ROT_ATTR_FN)
                0x0000000000010820                . = ALIGN (0x20)
                0x0000000000010820                Image$$TFM_APP_ROT_LINKER$$RO$$Base = ADDR (.TFM_APP_ROT_LINKER)
                0x0000000000010820                Image$$TFM_APP_ROT_LINKER$$RO$$Limit = (ADDR (.TFM_APP_ROT_LINKER) + SIZEOF (.TFM_APP_ROT_LINKER))
                0x0000000000010820                Image$$TFM_APP_ROT_LINKER$$Base = ADDR (.TFM_APP_ROT_LINKER)
                0x0000000000010820                Image$$TFM_APP_ROT_LINKER$$Limit = (ADDR (.TFM_APP_ROT_LINKER) + SIZEOF (.TFM_APP_ROT_LINKER))
                0x0000000000010820                Image$$TFM_APP_CODE_END$$Base = .

.ARM.extab
 *(.ARM.extab* .gnu.linkonce.armextab.*)
                0x0000000000010820                __exidx_start = .

.ARM.exidx      0x0000000000010820        0x8
 *(.ARM.exidx* .gnu.linkonce.armexidx.*)
 .ARM.exidx     0x0000000000010820        0x8 c:/ncs/toolchains/ce3b5ff664/opt/zephyr-sdk/arm-zephyr-eabi/bin/../lib/gcc/arm-zephyr-eabi/12.2.0/../../../../arm-zephyr-eabi/lib/thumb/v8-m.main+fp/hard/crt0.o
                                         0x10 (size before relaxing)
                0x0000000000010828                __exidx_end = .

.ER_TFM_CODE    0x0000000000010828     0x1ba0
                0x0000000000010828                . = ALIGN (0x4)
                0x0000000000010828                __copy_table_start__ = .
                0x0000000000010828        0x4 LONG 0x17c40 LOADADDR (.TFM_DATA)
                0x000000000001082c        0x4 LONG 0x20001080 ADDR (.TFM_DATA)
                0x0000000000010830        0x4 LONG 0x3f (SIZEOF (.TFM_DATA) / 0x4)
                0x0000000000010834        0x4 LONG 0x17c40 LOADADDR (.TFM_PSA_ROT_LINKER_DATA)
                0x0000000000010838        0x4 LONG 0x20000c20 ADDR (.TFM_PSA_ROT_LINKER_DATA)
                0x000000000001083c        0x4 LONG 0x0 (SIZEOF (.TFM_PSA_ROT_LINKER_DATA) / 0x4)
                0x0000000000010840        0x4 LONG 0x17c40 LOADADDR (.TFM_APP_ROT_LINKER_DATA)
                0x0000000000010844        0x4 LONG 0x20000c00 ADDR (.TFM_APP_ROT_LINKER_DATA)
                0x0000000000010848        0x4 LONG 0x0 (SIZEOF (.TFM_APP_ROT_LINKER_DATA) / 0x4)
                0x000000000001084c                __copy_table_end__ = .
                0x000000000001084c                . = ALIGN (0x4)
                0x000000000001084c                __zero_table_start__ = .
                0x000000000001084c        0x4 LONG 0x2000117c ADDR (.TFM_BSS)
                0x0000000000010850        0x4 LONG 0x5aa (SIZEOF (.TFM_BSS) / 0x4)
                0x0000000000010854        0x4 LONG 0x20000c20 ADDR (.TFM_PSA_ROT_LINKER_BSS)
                0x0000000000010858        0x4 LONG 0x118 (SIZEOF (.TFM_PSA_ROT_LINKER_BSS) / 0x4)
                0x000000000001085c        0x4 LONG 0x20000c00 ADDR (.TFM_APP_ROT_LINKER_BSS)
                0x0000000000010860        0x4 LONG 0x8 (SIZEOF (.TFM_APP_ROT_LINKER_BSS) / 0x4)
                0x0000000000010864                __zero_table_end__ = .
 *startup*(.text*)
 .text.default_irq_handler
                0x0000000000010864        0x4 secure_fw/CMakeFiles/tfm_s.dir/__/platform/ext/target/nordic_nrf/common/core/startup.o
                0x0000000000010864                default_irq_handler
 .text.Reset_Handler
                0x0000000000010868       0xd4 secure_fw/CMakeFiles/tfm_s.dir/__/platform/ext/target/nordic_nrf/common/core/startup.o
                0x0000000000010868                Reset_Handler
 .text.default_tfm_IRQHandler
                0x000000000001093c       0x1c secure_fw/CMakeFiles/tfm_s.dir/__/platform/ext/target/nordic_nrf/common/core/startup_nrf91.o
                0x000000000001093c                TIMER2_IRQHandler
                0x000000000001093c                DebugMon_Handler
                0x000000000001093c                RTC0_IRQHandler
                0x000000000001093c                SysTick_Handler
                0x000000000001093c                PWM1_IRQHandler
                0x000000000001093c                PendSV_Handler
                0x000000000001093c                NMI_Handler
                0x000000000001093c                PDM_IRQHandler
                0x000000000001093c                default_tfm_IRQHandler
                0x000000000001093c                IPC_IRQHandler
                0x000000000001093c                PWM3_IRQHandler
                0x000000000001093c                FPU_IRQHandler
                0x000000000001093c                EGU3_IRQHandler
                0x000000000001093c                KMU_IRQHandler
                0x000000000001093c                CRYPTOCELL_IRQHandler
                0x000000000001093c                I2S_IRQHandler
                0x000000000001093c                EGU2_IRQHandler
                0x000000000001093c                TIMER0_IRQHandler
                0x000000000001093c                EGU4_IRQHandler
                0x000000000001093c                EGU0_IRQHandler
                0x000000000001093c                GPIOTE1_IRQHandler
                0x000000000001093c                TIMER1_IRQHandler
                0x000000000001093c                PWM2_IRQHandler
                0x000000000001093c                EGU1_IRQHandler
                0x000000000001093c                EGU5_IRQHandler
                0x000000000001093c                UARTE3_SPIM3_SPIS3_TWIM3_TWIS3_IRQHandler
                0x000000000001093c                SAADC_IRQHandler
                0x000000000001093c                GPIOTE0_IRQHandler
                0x000000000001093c                WDT_IRQHandler
                0x000000000001093c                SPIM0_SPIS0_TWIM0_TWIS0_UARTE0_IRQHandler
                0x000000000001093c                SPIM2_SPIS2_TWIM2_TWIS2_UARTE2_IRQHandler
                0x000000000001093c                PWM0_IRQHandler
                0x000000000001093c                RTC1_IRQHandler
                0x000000000001093c                SPIM1_SPIS1_TWIM1_TWIS1_UARTE1_IRQHandler
                0x000000000001093c                CLOCK_POWER_IRQHandler
 *libplatform_s*:(SORT_BY_ALIGNMENT(.text*))
 .text.hw_init_reset_on_boot
                0x0000000000010958       0xd0 platform/libplatform_s.a(hw_init.o)
                0x0000000000010958                hw_init_reset_on_boot
 .text.uicr_HFXOCNT_erased
                0x0000000000010a28       0x40 platform/libplatform_s.a(system_nrf91.o)
 .text.uicr_HFXOSRC_erased
                0x0000000000010a68       0x3c platform/libplatform_s.a(system_nrf91.o)
 .text.SystemInit
                0x0000000000010aa4      0x190 platform/libplatform_s.a(system_nrf91.o)
                0x0000000000010aa4                SystemInit
 .text.tfm_exception_info_get_context
                0x0000000000010c34        0xc platform/libplatform_s.a(exception_info.o)
                0x0000000000010c34                tfm_exception_info_get_context
 .text.store_and_dump_context
                0x0000000000010c40       0x9c platform/libplatform_s.a(exception_info.o)
                0x0000000000010c40                store_and_dump_context
 .text.mpu_armv8m_enable
                0x0000000000010cdc       0x34 platform/libplatform_s.a(mpu_armv8m_drv.o)
                0x0000000000010cdc                mpu_armv8m_enable
 .text.spu_enable_interrupts
                0x0000000000010d10       0x10 platform/libplatform_s.a(spu.o)
                0x0000000000010d10                spu_enable_interrupts
 .text.spu_events_get
                0x0000000000010d20       0x28 platform/libplatform_s.a(spu.o)
                0x0000000000010d20                spu_events_get
 .text.spu_clear_events
                0x0000000000010d48       0x24 platform/libplatform_s.a(spu.o)
                0x0000000000010d48                spu_clear_events
 .text.spu_regions_reset_unlocked_secure
                0x0000000000010d6c       0x3c platform/libplatform_s.a(spu.o)
                0x0000000000010d6c                spu_regions_reset_unlocked_secure
 .text.spu_regions_flash_config
                0x0000000000010da8       0x2c platform/libplatform_s.a(spu.o)
                0x0000000000010da8                spu_regions_flash_config
 .text.spu_regions_sram_config
                0x0000000000010dd4       0x34 platform/libplatform_s.a(spu.o)
                0x0000000000010dd4                spu_regions_sram_config
 .text.spu_regions_flash_config_non_secure_callable
                0x0000000000010e08       0x30 platform/libplatform_s.a(spu.o)
                0x0000000000010e08                spu_regions_flash_config_non_secure_callable
 .text.spu_regions_sram_get_last_address_in_region
                0x0000000000010e38        0xc platform/libplatform_s.a(spu.o)
                0x0000000000010e38                spu_regions_sram_get_last_address_in_region
 .text.spu_peripheral_config_secure
                0x0000000000010e44       0x1c platform/libplatform_s.a(spu.o)
                0x0000000000010e44                spu_peripheral_config_secure
 .text.spu_peripheral_config_non_secure
                0x0000000000010e60       0x18 platform/libplatform_s.a(spu.o)
                0x0000000000010e60                spu_peripheral_config_non_secure
 .text.nrf_exception_info_store_context
                0x0000000000010e78       0x10 platform/libplatform_s.a(nrf_exception_info.o)
                0x0000000000010e78                nrf_exception_info_store_context
 .text.nrf_exception_info_get_context
                0x0000000000010e88        0xc platform/libplatform_s.a(nrf_exception_info.o)
                0x0000000000010e88                nrf_exception_info_get_context
 .text.tfm_hal_platform_init
                0x0000000000010e94       0x30 platform/libplatform_s.a(tfm_hal_platform.o)
                0x0000000000010e94                tfm_hal_platform_init
 .text.tfm_hal_system_reset
                0x0000000000010ec4       0x28 platform/libplatform_s.a(tfm_hal_reset_halt.o)
                0x0000000000010ec4                tfm_hal_system_reset
 .text.ns_fault_service_set_handler
                0x0000000000010eec       0x14 platform/libplatform_s.a(ns_fault_service.o)
                0x0000000000010eec                ns_fault_service_set_handler
 .text.call_ns_callback
                0x0000000000010f00       0xe8 platform/libplatform_s.a(ns_fault_service.o)
                0x0000000000010f00                call_ns_callback
 .text.ns_fault_service_call_handler
                0x0000000000010fe8       0x34 platform/libplatform_s.a(ns_fault_service.o)
                0x0000000000010fe8                ns_fault_service_call_handler
 .text.tfm_platform_hal_system_reset
                0x000000000001101c       0x24 platform/libplatform_s.a(tfm_platform_system.o)
                0x000000000001101c                tfm_platform_hal_system_reset
 .text.tfm_platform_hal_read_service
                0x0000000000011040       0x60 platform/libplatform_s.a(tfm_platform_hal_ioctl.o)
                0x0000000000011040                tfm_platform_hal_read_service
 .text.nrf91_errata_6
                0x00000000000110a0       0x1e platform/libplatform_s.a(system_nrf91.o)
 .text.nrf91_errata_14
                0x00000000000110be       0x24 platform/libplatform_s.a(system_nrf91.o)
 .text.mpu_armv8m_region_enable
                0x00000000000110e2       0x6a platform/libplatform_s.a(mpu_armv8m_drv.o)
                0x00000000000110e2                mpu_armv8m_region_enable
 .text.mpu_armv8m_region_disable
                0x000000000001114c       0x14 platform/libplatform_s.a(mpu_armv8m_drv.o)
                0x000000000001114c                mpu_armv8m_region_disable
 .text.mpu_armv8m_clean
                0x0000000000011160       0x22 platform/libplatform_s.a(mpu_armv8m_drv.o)
                0x0000000000011160                mpu_armv8m_clean
 .text.spu_regions_flash_get_base_address_in_region
                0x0000000000011182        0x4 platform/libplatform_s.a(spu.o)
                0x0000000000011182                spu_regions_flash_get_base_address_in_region
 .text.spu_regions_flash_get_last_address_in_region
                0x0000000000011186        0xa platform/libplatform_s.a(spu.o)
                0x0000000000011186                spu_regions_flash_get_last_address_in_region
 .text.spu_regions_flash_get_start_id
                0x0000000000011190        0x4 platform/libplatform_s.a(spu.o)
                0x0000000000011190                spu_regions_flash_get_start_id
 .text.spu_regions_flash_get_last_id
                0x0000000000011194        0x4 platform/libplatform_s.a(spu.o)
                0x0000000000011194                spu_regions_flash_get_last_id
 .text.spu_regions_flash_get_region_size
                0x0000000000011198        0x6 platform/libplatform_s.a(spu.o)
                0x0000000000011198                spu_regions_flash_get_region_size
 .text.spu_regions_sram_get_base_address_in_region
                0x000000000001119e        0xa platform/libplatform_s.a(spu.o)
                0x000000000001119e                spu_regions_sram_get_base_address_in_region
 .text.spu_regions_sram_get_start_id
                0x00000000000111a8        0x4 platform/libplatform_s.a(spu.o)
                0x00000000000111a8                spu_regions_sram_get_start_id
 .text.spu_regions_sram_get_last_id
                0x00000000000111ac        0x4 platform/libplatform_s.a(spu.o)
                0x00000000000111ac                spu_regions_sram_get_last_id
 .text.spu_regions_sram_get_region_size
                0x00000000000111b0        0x6 platform/libplatform_s.a(spu.o)
                0x00000000000111b0                spu_regions_sram_get_region_size
 .text.tfm_plat_otp_init
                0x00000000000111b6        0x4 platform/libplatform_s.a(dummy_otp.o)
                0x00000000000111b6                tfm_plat_otp_init
 .text.tfm_plat_provisioning_is_required
                0x00000000000111ba        0x4 platform/libplatform_s.a(dummy_provisioning.o)
                0x00000000000111ba                tfm_plat_provisioning_is_required
 .text.tfm_plat_provisioning_perform
                0x00000000000111be        0x4 platform/libplatform_s.a(dummy_provisioning.o)
                0x00000000000111be                tfm_plat_provisioning_perform
 .text.tfm_plat_provisioning_check_for_dummy_keys
                0x00000000000111c2        0x2 platform/libplatform_s.a(dummy_provisioning.o)
                0x00000000000111c2                tfm_plat_provisioning_check_for_dummy_keys
 .text.tfm_platform_hal_ioctl
                0x00000000000111c4       0x6e platform/libplatform_s.a(tfm_platform_system.o)
                0x00000000000111c4                tfm_platform_hal_ioctl
 *libtfm_spm*:(SORT_BY_ALIGNMENT(.text*))
 *fill*         0x0000000000011232        0x2 
 .text.startup.main
                0x0000000000011234       0x50 secure_fw/spm/libtfm_spm.a(main.o)
                0x0000000000011234                main
 .text.spm_associate_call_params
                0x0000000000011284      0x16c secure_fw/spm/libtfm_spm.a(psa_call_api.o)
                0x0000000000011284                spm_associate_call_params
 .text.tfm_spm_partition_psa_read
                0x00000000000113f0       0x74 secure_fw/spm/libtfm_spm.a(psa_read_write_skip_api.o)
                0x00000000000113f0                tfm_spm_partition_psa_read
 .text.tfm_spm_partition_psa_write
                0x0000000000011464       0x74 secure_fw/spm/libtfm_spm.a(psa_read_write_skip_api.o)
                0x0000000000011464                tfm_spm_partition_psa_write
 .text.spm_thread_fn
                0x00000000000114d8       0x4c secure_fw/spm/libtfm_spm.a(backend_sfn.o)
 .text.backend_messaging
                0x0000000000011524       0x50 secure_fw/spm/libtfm_spm.a(backend_sfn.o)
                0x0000000000011524                backend_messaging
 .text.backend_replying
                0x0000000000011574       0x10 secure_fw/spm/libtfm_spm.a(backend_sfn.o)
                0x0000000000011574                backend_replying
 .text.backend_init_comp_assuredly
                0x0000000000011584       0x5c secure_fw/spm/libtfm_spm.a(backend_sfn.o)
                0x0000000000011584                backend_init_comp_assuredly
 .text.spm_svc_handler
                0x00000000000115e0       0x70 secure_fw/spm/libtfm_spm.a(tfm_svcalls.o)
                0x00000000000115e0                spm_svc_handler
 .text.SVC_Handler
                0x0000000000011650       0x68 secure_fw/spm/libtfm_spm.a(tfm_arch_v8m_main.o)
                0x0000000000011650                SVC_Handler
 .text.tfm_arch_set_secure_exception_priorities
                0x00000000000116b8       0x28 secure_fw/spm/libtfm_spm.a(tfm_arch_v8m_main.o)
                0x00000000000116b8                tfm_arch_set_secure_exception_priorities
 .text.tfm_arch_config_extensions
                0x00000000000116e0       0x4c secure_fw/spm/libtfm_spm.a(tfm_arch_v8m_main.o)
                0x00000000000116e0                tfm_arch_config_extensions
 .text.ns_agent_tz_main
                0x000000000001172c       0x60 secure_fw/spm/libtfm_spm.a(ns_agent_tz_v80m.o)
                0x000000000001172c                ns_agent_tz_main
 .text.tfm_hal_bind_boundary
                0x000000000001178c       0x6c secure_fw/spm/libtfm_spm.a(tfm_hal_isolation.o)
                0x000000000001178c                tfm_hal_bind_boundary
 .text.mpu_init_cfg
                0x00000000000117f8       0xf0 secure_fw/spm/libtfm_spm.a(tfm_hal_isolation.o)
                0x00000000000117f8                mpu_init_cfg
 .text.tfm_hal_get_ns_VTOR
                0x00000000000118e8        0xc secure_fw/spm/libtfm_spm.a(tfm_hal_platform_common.o)
                0x00000000000118e8                tfm_hal_get_ns_VTOR
 .text.tfm_hal_get_ns_MSP
                0x00000000000118f4        0xc secure_fw/spm/libtfm_spm.a(tfm_hal_platform_common.o)
                0x00000000000118f4                tfm_hal_get_ns_MSP
 .text.tfm_hal_get_ns_entry_point
                0x0000000000011900        0xc secure_fw/spm/libtfm_spm.a(tfm_hal_platform_common.o)
                0x0000000000011900                tfm_hal_get_ns_entry_point
 .text.SPU_Handler
                0x000000000001190c       0x3c secure_fw/spm/libtfm_spm.a(faults.o)
                0x000000000001190c                SPU_Handler
 .text.enable_fault_handlers
                0x0000000000011948       0x14 secure_fw/spm/libtfm_spm.a(target_cfg.o)
                0x0000000000011948                enable_fault_handlers
 .text.system_reset_cfg
                0x000000000001195c       0x18 secure_fw/spm/libtfm_spm.a(target_cfg.o)
                0x000000000001195c                system_reset_cfg
 .text.nvic_interrupt_target_state_cfg
                0x0000000000011974       0x30 secure_fw/spm/libtfm_spm.a(target_cfg.o)
                0x0000000000011974                nvic_interrupt_target_state_cfg
 .text.nvic_interrupt_enable
                0x00000000000119a4       0x18 secure_fw/spm/libtfm_spm.a(target_cfg.o)
                0x00000000000119a4                nvic_interrupt_enable
 .text.sau_and_idau_cfg
                0x00000000000119bc       0x20 secure_fw/spm/libtfm_spm.a(target_cfg.o)
                0x00000000000119bc                sau_and_idau_cfg
 .text.spu_init_cfg
                0x00000000000119dc       0x94 secure_fw/spm/libtfm_spm.a(target_cfg.o)
                0x00000000000119dc                spu_init_cfg
 .text.spu_periph_init_cfg
                0x0000000000011a70       0x4c secure_fw/spm/libtfm_spm.a(target_cfg.o)
                0x0000000000011a70                spu_periph_init_cfg
 .text.tfm_core_validate_boot_data
                0x0000000000011abc        0xc secure_fw/spm/libtfm_spm.a(tfm_boot_data.o)
                0x0000000000011abc                tfm_core_validate_boot_data
 .text.tfm_core_get_boot_data_handler
                0x0000000000011ac8       0x34 secure_fw/spm/libtfm_spm.a(tfm_boot_data.o)
                0x0000000000011ac8                tfm_core_get_boot_data_handler
 .text.tfm_arch_init_context
                0x0000000000011afc       0x5c secure_fw/spm/libtfm_spm.a(tfm_arch.o)
                0x0000000000011afc                tfm_arch_init_context
 .text.tfm_spm_get_service_by_sid
                0x0000000000011b58       0x2c secure_fw/spm/libtfm_spm.a(spm_ipc.o)
                0x0000000000011b58                tfm_spm_get_service_by_sid
 .text.tfm_spm_check_authorization
                0x0000000000011b84       0x44 secure_fw/spm/libtfm_spm.a(spm_ipc.o)
                0x0000000000011b84                tfm_spm_check_authorization
 .text.spm_init_connection
                0x0000000000011bc8       0x30 secure_fw/spm/libtfm_spm.a(spm_ipc.o)
                0x0000000000011bc8                spm_init_connection
 .text.tfm_spm_partition_get_running_partition_id
                0x0000000000011bf8       0x18 secure_fw/spm/libtfm_spm.a(spm_ipc.o)
                0x0000000000011bf8                tfm_spm_partition_get_running_partition_id
 .text.tfm_spm_is_ns_caller
                0x0000000000011c10       0x20 secure_fw/spm/libtfm_spm.a(spm_ipc.o)
                0x0000000000011c10                tfm_spm_is_ns_caller
 .text.spm_get_connection
                0x0000000000011c30       0x78 secure_fw/spm/libtfm_spm.a(spm_ipc.o)
                0x0000000000011c30                spm_get_connection
 .text.tfm_spm_init
                0x0000000000011ca8       0x64 secure_fw/spm/libtfm_spm.a(spm_ipc.o)
                0x0000000000011ca8                tfm_spm_init
 .text.load_a_partition_assuredly
                0x0000000000011d0c       0xc8 secure_fw/spm/libtfm_spm.a(rom_loader.o)
                0x0000000000011d0c                load_a_partition_assuredly
 .text.load_services_assuredly
                0x0000000000011dd4       0xb4 secure_fw/spm/libtfm_spm.a(rom_loader.o)
                0x0000000000011dd4                load_services_assuredly
 .text.tfm_nspm_ctx_init
                0x0000000000011e88       0x18 secure_fw/spm/libtfm_spm.a(tfm_spm_ns_ctx.o)
                0x0000000000011e88                tfm_nspm_ctx_init
 .text.tfm_core_panic
                0x0000000000011ea0        0x4 secure_fw/spm/libtfm_spm.a(utilities.o)
                0x0000000000011ea0                tfm_core_panic
 .text.spm_handle_programmer_errors
                0x0000000000011ea4       0x18 secure_fw/spm/libtfm_spm.a(psa_api.o)
                0x0000000000011ea4                spm_handle_programmer_errors
 .text.tfm_spm_partition_psa_reply
                0x0000000000011ebc       0x9a secure_fw/spm/libtfm_spm.a(psa_api.o)
                0x0000000000011ebc                tfm_spm_partition_psa_reply
 .text.tfm_spm_partition_psa_panic
                0x0000000000011f56        0xc secure_fw/spm/libtfm_spm.a(psa_api.o)
                0x0000000000011f56                tfm_spm_partition_psa_panic
 .text.tfm_spm_client_psa_call
                0x0000000000011f62       0x4e secure_fw/spm/libtfm_spm.a(psa_call_api.o)
                0x0000000000011f62                tfm_spm_client_psa_call
 .text.tfm_spm_client_psa_framework_version
                0x0000000000011fb0        0x6 secure_fw/spm/libtfm_spm.a(psa_version_api.o)
                0x0000000000011fb0                tfm_spm_client_psa_framework_version
 .text.tfm_spm_client_psa_version
                0x0000000000011fb6       0x2c secure_fw/spm/libtfm_spm.a(psa_version_api.o)
                0x0000000000011fb6                tfm_spm_client_psa_version
 .text.backend_system_run
                0x0000000000011fe2        0x6 secure_fw/spm/libtfm_spm.a(backend_sfn.o)
                0x0000000000011fe2                backend_system_run
 .text.tfm_core_handler_mode
                0x0000000000011fe8        0x4 secure_fw/spm/libtfm_spm.a(tfm_svcalls.o)
                0x0000000000011fe8                tfm_core_handler_mode
 .text.connection_to_handle
                0x0000000000011fec        0x6 secure_fw/spm/libtfm_spm.a(spm_local_connection.o)
                0x0000000000011fec                connection_to_handle
 .text.handle_to_connection
                0x0000000000011ff2       0x12 secure_fw/spm/libtfm_spm.a(spm_local_connection.o)
                0x0000000000011ff2                handle_to_connection
 .text.spm_init_connection_space
                0x0000000000012004        0x2 secure_fw/spm/libtfm_spm.a(spm_local_connection.o)
                0x0000000000012004                spm_init_connection_space
 .text.spm_allocate_connection
                0x0000000000012006        0xe secure_fw/spm/libtfm_spm.a(spm_local_connection.o)
                0x0000000000012006                spm_allocate_connection
 .text.spm_validate_connection
                0x0000000000012014        0x4 secure_fw/spm/libtfm_spm.a(spm_local_connection.o)
                0x0000000000012014                spm_validate_connection
 .text.spm_free_connection
                0x0000000000012018        0xc secure_fw/spm/libtfm_spm.a(spm_local_connection.o)
                0x0000000000012018                spm_free_connection
 .text.tfm_arch_clear_fp_data
                0x0000000000012024       0x8a secure_fw/spm/libtfm_spm.a(tfm_arch_v8m_main.o)
                0x0000000000012024                tfm_arch_clear_fp_data
 .text.tfm_hal_memory_check
                0x00000000000120ae      0x126 secure_fw/spm/libtfm_spm.a(tfm_hal_isolation.o)
                0x00000000000120ae                tfm_hal_memory_check
 .text.tfm_hal_set_up_static_boundaries
                0x00000000000121d4       0x2a secure_fw/spm/libtfm_spm.a(tfm_hal_isolation.o)
                0x00000000000121d4                tfm_hal_set_up_static_boundaries
 .text.tfm_hal_platform_common_init
                0x00000000000121fe       0x32 secure_fw/spm/libtfm_spm.a(tfm_hal_platform_common.o)
                0x00000000000121fe                tfm_hal_platform_common_init
 .text.SPU_IRQHandler
                0x0000000000012230       0x1c secure_fw/spm/libtfm_spm.a(faults.o)
                0x0000000000012230                SPU_IRQHandler
 .text.init_debug
                0x000000000001224c        0x4 secure_fw/spm/libtfm_spm.a(target_cfg.o)
                0x000000000001224c                init_debug
 .text.tfm_arch_free_msp_and_exc_ret
                0x0000000000012250        0xc secure_fw/spm/libtfm_spm.a(tfm_arch.o)
                0x0000000000012250                tfm_arch_free_msp_and_exc_ret
 .text.tfm_arch_refresh_hardware_context
                0x000000000001225c       0x16 secure_fw/spm/libtfm_spm.a(tfm_arch.o)
                0x000000000001225c                tfm_arch_refresh_hardware_context
 .text.tfm_spm_check_client_version
                0x0000000000012272       0x24 secure_fw/spm/libtfm_spm.a(spm_ipc.o)
                0x0000000000012272                tfm_spm_check_client_version
 .text.spm_msg_handle_to_connection
                0x0000000000012296       0x28 secure_fw/spm/libtfm_spm.a(spm_ipc.o)
                0x0000000000012296                spm_msg_handle_to_connection
 .text.tfm_spm_get_client_id
                0x00000000000122be       0x20 secure_fw/spm/libtfm_spm.a(spm_ipc.o)
                0x00000000000122be                tfm_spm_get_client_id
 .text.update_caller_outvec_len
                0x00000000000122de       0x1e secure_fw/spm/libtfm_spm.a(spm_ipc.o)
                0x00000000000122de                update_caller_outvec_len
 .text.load_irqs_assuredly
                0x00000000000122fc        0x2 secure_fw/spm/libtfm_spm.a(rom_loader.o)
                0x00000000000122fc                load_irqs_assuredly
 .text.tfm_nspm_get_current_client_id
                0x00000000000122fe        0x6 secure_fw/spm/libtfm_spm.a(tfm_spm_ns_ctx.o)
                0x00000000000122fe                tfm_nspm_get_current_client_id
 *libplatform_s*:*(.rodata*)
 .rodata.ranges
                0x0000000000012304       0x20 platform/libplatform_s.a(tfm_platform_hal_ioctl.o)
 *libtfm_spm*:*(.rodata*)
 .rodata.target_peripherals.0
                0x0000000000012324       0x74 secure_fw/spm/libtfm_spm.a(target_cfg.o)
 .rodata.memory_regions
                0x0000000000012398       0x24 secure_fw/spm/libtfm_spm.a(target_cfg.o)
                0x0000000000012398                memory_regions
 .rodata.serv_pool_ea
                0x00000000000123bc        0x4 secure_fw/spm/libtfm_spm.a(rom_loader.o)
 .rodata.part_pool_ea
                0x00000000000123c0        0x4 secure_fw/spm/libtfm_spm.a(rom_loader.o)
 .rodata.ldinf_ea
                0x00000000000123c4        0x4 secure_fw/spm/libtfm_spm.a(rom_loader.o)

.TFM_UNPRIV_CODE
                0x00000000000123e0     0x2860
 *(SFN)
 SFN            0x00000000000123e0       0x8c secure_fw/CMakeFiles/tfm_s.dir/partitions/ns_agent_tz/psa_api_veneers_v80m.o
                0x00000000000123e0                __acle_se_tfm_psa_framework_version_veneer
                0x00000000000123fe                __acle_se_tfm_psa_version_veneer
                0x000000000001241c                __acle_se_tfm_psa_call_veneer
                0x0000000000012444                __acle_se_tfm_psa_connect_veneer
                0x0000000000012456                __acle_se_tfm_psa_close_veneer
 *(SORT_BY_ALIGNMENT(.text*))
 .text          0x000000000001246c       0x88 c:/ncs/toolchains/ce3b5ff664/opt/zephyr-sdk/arm-zephyr-eabi/bin/../lib/gcc/arm-zephyr-eabi/12.2.0/thumb/v8-m.main+fp/hard/crtbegin.o
 .text          0x00000000000124f4       0x7c c:/ncs/toolchains/ce3b5ff664/opt/zephyr-sdk/arm-zephyr-eabi/bin/../lib/gcc/arm-zephyr-eabi/12.2.0/../../../../arm-zephyr-eabi/lib/thumb/v8-m.main+fp/hard/crt0.o
                0x00000000000124f4                _stack_init
                0x00000000000124fc                _start
                0x00000000000124fc                _mainCRTStartup
 .text.tfm_psa_call_pack
                0x0000000000012570       0x54 secure_fw/partitions/lib/runtime/libtfm_sprt.a(psa_interface_sfn.o)
                0x0000000000012570                tfm_psa_call_pack
 .text.verify_header
                0x00000000000125c4       0x40 secure_fw/partitions/crypto/mbedcrypto/nrf_security_src/libcrypto_service_mbedcrypto.a(memory_buffer_alloc.o)
 .text.verify_chain
                0x0000000000012604       0x3c secure_fw/partitions/crypto/mbedcrypto/nrf_security_src/libcrypto_service_mbedcrypto.a(memory_buffer_alloc.o)
 .text.buffer_alloc_calloc
                0x0000000000012640       0xf4 secure_fw/partitions/crypto/mbedcrypto/nrf_security_src/libcrypto_service_mbedcrypto.a(memory_buffer_alloc.o)
 .text.buffer_alloc_free
                0x0000000000012734       0xe8 secure_fw/partitions/crypto/mbedcrypto/nrf_security_src/libcrypto_service_mbedcrypto.a(memory_buffer_alloc.o)
 .text.mbedtls_memory_buffer_alloc_init
                0x000000000001281c       0x64 secure_fw/partitions/crypto/mbedcrypto/nrf_security_src/libcrypto_service_mbedcrypto.a(memory_buffer_alloc.o)
                0x000000000001281c                mbedtls_memory_buffer_alloc_init
 .text.mbedtls_free
                0x0000000000012880        0xc secure_fw/partitions/crypto/mbedcrypto/nrf_security_src/libcrypto_service_mbedcrypto.a(platform.o)
                0x0000000000012880                mbedtls_free
 .text.mbedtls_platform_set_calloc_free
                0x000000000001288c       0x14 secure_fw/partitions/crypto/mbedcrypto/nrf_security_src/libcrypto_service_mbedcrypto.a(platform.o)
                0x000000000001288c                mbedtls_platform_set_calloc_free
 .text.mbedtls_platform_zeroize
                0x00000000000128a0       0x18 secure_fw/partitions/crypto/mbedcrypto/nrf_security_src/libcrypto_service_mbedcrypto.a(platform_util.o)
                0x00000000000128a0                mbedtls_platform_zeroize
 .text.mbedcrypto__psa_generate_random
                0x00000000000128b8       0x1c secure_fw/partitions/crypto/mbedcrypto/nrf_security_src/libcrypto_service_mbedcrypto.a(psa_crypto.o)
                0x00000000000128b8                mbedcrypto__psa_generate_random
 .text.mbedtls_psa_crypto_free
                0x00000000000128d4       0x24 secure_fw/partitions/crypto/mbedcrypto/nrf_security_src/libcrypto_service_mbedcrypto.a(psa_crypto.o)
                0x00000000000128d4                mbedtls_psa_crypto_free
 .text.mbedcrypto__psa_crypto_init
                0x00000000000128f8       0x38 secure_fw/partitions/crypto/mbedcrypto/nrf_security_src/libcrypto_service_mbedcrypto.a(psa_crypto.o)
                0x00000000000128f8                mbedcrypto__psa_crypto_init
 .text.psa_initialize_key_slots
                0x0000000000012930       0x10 secure_fw/partitions/crypto/mbedcrypto/nrf_security_src/libcrypto_service_mbedcrypto.a(psa_crypto_slot_management.o)
                0x0000000000012930                psa_initialize_key_slots
 .text.psa_wipe_all_key_slots
                0x0000000000012940       0x24 secure_fw/partitions/crypto/mbedcrypto/nrf_security_src/libcrypto_service_mbedcrypto.a(psa_crypto_slot_management.o)
                0x0000000000012940                psa_wipe_all_key_slots
 .text.nrf_cc3xx_platform_init_hmac_drbg
                0x0000000000012964       0x44 C:/ncs/v2.7.0/nrfxlib/crypto/nrf_cc310_platform/lib/cortex-m33/hard-float/no-interrupts/libnrf_cc310_platform_0.9.19.a(nrf_cc3xx_platform.c.obj)
                0x0000000000012964                nrf_cc3xx_platform_init_hmac_drbg
 .text.nrf_cc3xx_platform_hmac_drbg_init
                0x00000000000129a8       0x60 C:/ncs/v2.7.0/nrfxlib/crypto/nrf_cc310_platform/lib/cortex-m33/hard-float/no-interrupts/libnrf_cc310_platform_0.9.19.a(nrf_cc3xx_platform_hmac_drbg.c.obj)
                0x00000000000129a8                nrf_cc3xx_platform_hmac_drbg_init
 .text.nrf_cc3xx_platform_hmac_drbg_get
                0x0000000000012a08       0x44 C:/ncs/v2.7.0/nrfxlib/crypto/nrf_cc310_platform/lib/cortex-m33/hard-float/no-interrupts/libnrf_cc310_platform_0.9.19.a(nrf_cc3xx_platform_hmac_drbg.c.obj)
                0x0000000000012a08                nrf_cc3xx_platform_hmac_drbg_get
 .text.mbedtls_zeroize_internal
                0x0000000000012a4c       0x14 C:/ncs/v2.7.0/nrfxlib/crypto/nrf_cc310_platform/lib/cortex-m33/hard-float/no-interrupts/libnrf_cc310_platform_0.9.19.a(mbedtls_common.c.obj)
                0x0000000000012a4c                mbedtls_zeroize_internal
 .text.cc_mbedtls_platform_zeroize
                0x0000000000012a60       0x14 C:/ncs/v2.7.0/nrfxlib/crypto/nrf_cc310_platform/lib/cortex-m33/hard-float/no-interrupts/libnrf_cc310_platform_0.9.19.a(mbedtls_common.c.obj)
                0x0000000000012a60                cc_mbedtls_platform_zeroize
 .text.entropy_update
                0x0000000000012a74       0x7c C:/ncs/v2.7.0/nrfxlib/crypto/nrf_cc310_platform/lib/cortex-m33/hard-float/no-interrupts/libnrf_cc310_platform_0.9.19.a(custom_entropy.c.obj)
 .text.entropy_gather_internal.part.0
                0x0000000000012af0       0x88 C:/ncs/v2.7.0/nrfxlib/crypto/nrf_cc310_platform/lib/cortex-m33/hard-float/no-interrupts/libnrf_cc310_platform_0.9.19.a(custom_entropy.c.obj)
 .text.cc_mbedtls_entropy_init
                0x0000000000012b78       0x84 C:/ncs/v2.7.0/nrfxlib/crypto/nrf_cc310_platform/lib/cortex-m33/hard-float/no-interrupts/libnrf_cc310_platform_0.9.19.a(custom_entropy.c.obj)
                0x0000000000012b78                cc_mbedtls_entropy_init
 .text.cc_mbedtls_entropy_func
                0x0000000000012bfc      0x110 C:/ncs/v2.7.0/nrfxlib/crypto/nrf_cc310_platform/lib/cortex-m33/hard-float/no-interrupts/libnrf_cc310_platform_0.9.19.a(custom_entropy.c.obj)
                0x0000000000012bfc                cc_mbedtls_entropy_func
 .text.cc_hmac_sha256_starts.constprop.0
                0x0000000000012d0c      0x108 C:/ncs/v2.7.0/nrfxlib/crypto/nrf_cc310_platform/lib/cortex-m33/hard-float/no-interrupts/libnrf_cc310_platform_0.9.19.a(hmac_drbg_alt.c.obj)
 .text.cc_mbedtls_hmac_drbg_init
                0x0000000000012e14       0x28 C:/ncs/v2.7.0/nrfxlib/crypto/nrf_cc310_platform/lib/cortex-m33/hard-float/no-interrupts/libnrf_cc310_platform_0.9.19.a(hmac_drbg_alt.c.obj)
                0x0000000000012e14                cc_mbedtls_hmac_drbg_init
 .text.cc_mbedtls_hmac_drbg_update
                0x0000000000012e3c      0x170 C:/ncs/v2.7.0/nrfxlib/crypto/nrf_cc310_platform/lib/cortex-m33/hard-float/no-interrupts/libnrf_cc310_platform_0.9.19.a(hmac_drbg_alt.c.obj)
                0x0000000000012e3c                cc_mbedtls_hmac_drbg_update
 .text.cc_hmac_drbg_reseed_core
                0x0000000000012fac       0xac C:/ncs/v2.7.0/nrfxlib/crypto/nrf_cc310_platform/lib/cortex-m33/hard-float/no-interrupts/libnrf_cc310_platform_0.9.19.a(hmac_drbg_alt.c.obj)
 .text.cc_mbedtls_hmac_drbg_seed
                0x0000000000013058       0x54 C:/ncs/v2.7.0/nrfxlib/crypto/nrf_cc310_platform/lib/cortex-m33/hard-float/no-interrupts/libnrf_cc310_platform_0.9.19.a(hmac_drbg_alt.c.obj)
                0x0000000000013058                cc_mbedtls_hmac_drbg_seed
 .text.cc_mbedtls_hmac_drbg_random_with_add
                0x00000000000130ac      0x144 C:/ncs/v2.7.0/nrfxlib/crypto/nrf_cc310_platform/lib/cortex-m33/hard-float/no-interrupts/libnrf_cc310_platform_0.9.19.a(hmac_drbg_alt.c.obj)
                0x00000000000130ac                cc_mbedtls_hmac_drbg_random_with_add
 .text.RndStartupTest.constprop.0
                0x00000000000131f0       0x98 C:/ncs/v2.7.0/nrfxlib/crypto/nrf_cc310_platform/lib/cortex-m33/hard-float/no-interrupts/libnrf_cc310_platform_0.9.19.a(cc_lib.c.obj)
 .text.CC_LibInit_HMAC_DRBG
                0x0000000000013288       0xc0 C:/ncs/v2.7.0/nrfxlib/crypto/nrf_cc310_platform/lib/cortex-m33/hard-float/no-interrupts/libnrf_cc310_platform_0.9.19.a(cc_lib.c.obj)
                0x0000000000013288                CC_LibInit_HMAC_DRBG
 .text.CC_HalInit
                0x0000000000013348        0x4 C:/ncs/v2.7.0/nrfxlib/crypto/nrf_cc310_platform/lib/cortex-m33/hard-float/no-interrupts/libnrf_cc310_platform_0.9.19.a(cc_hal.c.obj)
                0x0000000000013348                CC_HalInit
 .text.CC_HalTerminate
                0x000000000001334c        0x4 C:/ncs/v2.7.0/nrfxlib/crypto/nrf_cc310_platform/lib/cortex-m33/hard-float/no-interrupts/libnrf_cc310_platform_0.9.19.a(cc_hal.c.obj)
                0x000000000001334c                CC_HalTerminate
 .text.CC_HalClearInterruptBit
                0x0000000000013350       0x1c C:/ncs/v2.7.0/nrfxlib/crypto/nrf_cc310_platform/lib/cortex-m33/hard-float/no-interrupts/libnrf_cc310_platform_0.9.19.a(cc_hal.c.obj)
                0x0000000000013350                CC_HalClearInterruptBit
 .text.CC_HalMaskInterrupt
                0x000000000001336c        0xc C:/ncs/v2.7.0/nrfxlib/crypto/nrf_cc310_platform/lib/cortex-m33/hard-float/no-interrupts/libnrf_cc310_platform_0.9.19.a(cc_hal.c.obj)
                0x000000000001336c                CC_HalMaskInterrupt
 .text.CC_HalWaitInterrupt
                0x0000000000013378        0xc C:/ncs/v2.7.0/nrfxlib/crypto/nrf_cc310_platform/lib/cortex-m33/hard-float/no-interrupts/libnrf_cc310_platform_0.9.19.a(cc_hal.c.obj)
                0x0000000000013378                CC_HalWaitInterrupt
 .text.CC_HalWaitInterruptRND
                0x0000000000013384        0xc C:/ncs/v2.7.0/nrfxlib/crypto/nrf_cc310_platform/lib/cortex-m33/hard-float/no-interrupts/libnrf_cc310_platform_0.9.19.a(cc_hal.c.obj)
                0x0000000000013384                CC_HalWaitInterruptRND
 .text.CC_PalInit
                0x0000000000013390       0x5c C:/ncs/v2.7.0/nrfxlib/crypto/nrf_cc310_platform/lib/cortex-m33/hard-float/no-interrupts/libnrf_cc310_platform_0.9.19.a(cc_pal.c.obj)
                0x0000000000013390                CC_PalInit
 .text.CC_PalTerminate
                0x00000000000133ec       0x34 C:/ncs/v2.7.0/nrfxlib/crypto/nrf_cc310_platform/lib/cortex-m33/hard-float/no-interrupts/libnrf_cc310_platform_0.9.19.a(cc_pal.c.obj)
                0x00000000000133ec                CC_PalTerminate
 .text.CC_PalDmaInit
                0x0000000000013420        0x4 C:/ncs/v2.7.0/nrfxlib/crypto/nrf_cc310_platform/lib/cortex-m33/hard-float/no-interrupts/libnrf_cc310_platform_0.9.19.a(cc_pal_dma.c.obj)
                0x0000000000013420                CC_PalDmaInit
 .text.CC_PalDmaTerminate
                0x0000000000013424        0x4 C:/ncs/v2.7.0/nrfxlib/crypto/nrf_cc310_platform/lib/cortex-m33/hard-float/no-interrupts/libnrf_cc310_platform_0.9.19.a(cc_pal_dma.c.obj)
                0x0000000000013424                CC_PalDmaTerminate
 .text.CC_PalWaitInterruptRND
                0x0000000000013428       0x2c C:/ncs/v2.7.0/nrfxlib/crypto/nrf_cc310_platform/lib/cortex-m33/hard-float/no-interrupts/libnrf_cc310_platform_0.9.19.a(cc_pal_interrupt_ctrl.c.obj)
                0x0000000000013428                CC_PalWaitInterruptRND
 .text.CC_PalWaitInterrupt
                0x0000000000013454       0x18 C:/ncs/v2.7.0/nrfxlib/crypto/nrf_cc310_platform/lib/cortex-m33/hard-float/no-interrupts/libnrf_cc310_platform_0.9.19.a(cc_pal_interrupt_ctrl.c.obj)
                0x0000000000013454                CC_PalWaitInterrupt
 .text.CC_PalMemCopyPlat
                0x000000000001346c        0x4 C:/ncs/v2.7.0/nrfxlib/crypto/nrf_cc310_platform/lib/cortex-m33/hard-float/no-interrupts/libnrf_cc310_platform_0.9.19.a(cc_pal_mem.c.obj)
                0x000000000001346c                CC_PalMemCopyPlat
 .text.CC_PalMemSetZeroPlat
                0x0000000000013470        0x8 C:/ncs/v2.7.0/nrfxlib/crypto/nrf_cc310_platform/lib/cortex-m33/hard-float/no-interrupts/libnrf_cc310_platform_0.9.19.a(cc_pal_mem.c.obj)
                0x0000000000013470                CC_PalMemSetZeroPlat
 .text.CC_PalMutexCreate
                0x0000000000013478       0x14 C:/ncs/v2.7.0/nrfxlib/crypto/nrf_cc310_platform/lib/cortex-m33/hard-float/no-interrupts/libnrf_cc310_platform_0.9.19.a(cc_pal_mutex.c.obj)
                0x0000000000013478                CC_PalMutexCreate
 .text.CC_PalMutexDestroy
                0x000000000001348c       0x14 C:/ncs/v2.7.0/nrfxlib/crypto/nrf_cc310_platform/lib/cortex-m33/hard-float/no-interrupts/libnrf_cc310_platform_0.9.19.a(cc_pal_mutex.c.obj)
                0x000000000001348c                CC_PalMutexDestroy
 .text.CC_PalMutexLock
                0x00000000000134a0       0x10 C:/ncs/v2.7.0/nrfxlib/crypto/nrf_cc310_platform/lib/cortex-m33/hard-float/no-interrupts/libnrf_cc310_platform_0.9.19.a(cc_pal_mutex.c.obj)
                0x00000000000134a0                CC_PalMutexLock
 .text.CC_PalMutexUnlock
                0x00000000000134b0       0x14 C:/ncs/v2.7.0/nrfxlib/crypto/nrf_cc310_platform/lib/cortex-m33/hard-float/no-interrupts/libnrf_cc310_platform_0.9.19.a(cc_pal_mutex.c.obj)
                0x00000000000134b0                CC_PalMutexUnlock
 .text.CC_PalPowerSaveModeInit
                0x00000000000134c4       0x3c C:/ncs/v2.7.0/nrfxlib/crypto/nrf_cc310_platform/lib/cortex-m33/hard-float/no-interrupts/libnrf_cc310_platform_0.9.19.a(cc_pal_pm.c.obj)
                0x00000000000134c4                CC_PalPowerSaveModeInit
 .text.CC_PalPowerSaveModeSelect
                0x0000000000013500       0x84 C:/ncs/v2.7.0/nrfxlib/crypto/nrf_cc310_platform/lib/cortex-m33/hard-float/no-interrupts/libnrf_cc310_platform_0.9.19.a(cc_pal_pm.c.obj)
                0x0000000000013500                CC_PalPowerSaveModeSelect
 .text.mutex_init
                0x0000000000013584        0xc C:/ncs/v2.7.0/nrfxlib/crypto/nrf_cc310_platform/lib/cortex-m33/hard-float/no-interrupts/libnrf_cc310_platform_0.9.19.a(threading_alt.c.obj)
                0x0000000000013584                mutex_init
 .text.mutex_lock
                0x0000000000013590        0xc C:/ncs/v2.7.0/nrfxlib/crypto/nrf_cc310_platform/lib/cortex-m33/hard-float/no-interrupts/libnrf_cc310_platform_0.9.19.a(threading_alt.c.obj)
                0x0000000000013590                mutex_lock
 .text.mutex_unlock
                0x000000000001359c        0xc C:/ncs/v2.7.0/nrfxlib/crypto/nrf_cc310_platform/lib/cortex-m33/hard-float/no-interrupts/libnrf_cc310_platform_0.9.19.a(threading_alt.c.obj)
                0x000000000001359c                mutex_unlock
 .text.nrf_cc3xx_platform_abort
                0x00000000000135a8       0x24 C:/ncs/v2.7.0/nrfxlib/crypto/nrf_cc310_platform/lib/cortex-m33/hard-float/no-interrupts/libnrf_cc310_platform_0.9.19.a(nrf_cc3xx_platform_abort.c.obj)
 .text.CC_PalAbort
                0x00000000000135cc       0x34 C:/ncs/v2.7.0/nrfxlib/crypto/nrf_cc310_platform/lib/cortex-m33/hard-float/no-interrupts/libnrf_cc310_platform_0.9.19.a(nrf_cc3xx_platform_abort.c.obj)
                0x00000000000135cc                CC_PalAbort
 .text.mutex_free
                0x0000000000013600       0x34 C:/ncs/v2.7.0/nrfxlib/crypto/nrf_cc310_platform/lib/cortex-m33/hard-float/no-interrupts/libnrf_cc310_platform_0.9.19.a(nrf_cc3xx_platform_mutex.c.obj)
 .text.mutex_lock
                0x0000000000013634       0x48 C:/ncs/v2.7.0/nrfxlib/crypto/nrf_cc310_platform/lib/cortex-m33/hard-float/no-interrupts/libnrf_cc310_platform_0.9.19.a(nrf_cc3xx_platform_mutex.c.obj)
 .text.mutex_unlock
                0x000000000001367c       0x38 C:/ncs/v2.7.0/nrfxlib/crypto/nrf_cc310_platform/lib/cortex-m33/hard-float/no-interrupts/libnrf_cc310_platform_0.9.19.a(nrf_cc3xx_platform_mutex.c.obj)
 .text.mutex_init
                0x00000000000136b4       0x20 C:/ncs/v2.7.0/nrfxlib/crypto/nrf_cc310_platform/lib/cortex-m33/hard-float/no-interrupts/libnrf_cc310_platform_0.9.19.a(nrf_cc3xx_platform_mutex.c.obj)
 .text.startTrngHW
                0x00000000000136d4      0x140 C:/ncs/v2.7.0/nrfxlib/crypto/nrf_cc310_platform/lib/cortex-m33/hard-float/no-interrupts/libnrf_cc310_platform_0.9.19.a(llf_rnd_trng90b.c.obj)
 .text.LLF_RND_RepetitionCounterTest
                0x0000000000013814       0x64 C:/ncs/v2.7.0/nrfxlib/crypto/nrf_cc310_platform/lib/cortex-m33/hard-float/no-interrupts/libnrf_cc310_platform_0.9.19.a(llf_rnd_trng90b.c.obj)
                0x0000000000013814                LLF_RND_RepetitionCounterTest
 .text.LLF_RND_AdaptiveProportionTest
                0x0000000000013878       0x80 C:/ncs/v2.7.0/nrfxlib/crypto/nrf_cc310_platform/lib/cortex-m33/hard-float/no-interrupts/libnrf_cc310_platform_0.9.19.a(llf_rnd_trng90b.c.obj)
                0x0000000000013878                LLF_RND_AdaptiveProportionTest
 .text.getTrngSource
                0x00000000000138f8      0x2b4 C:/ncs/v2.7.0/nrfxlib/crypto/nrf_cc310_platform/lib/cortex-m33/hard-float/no-interrupts/libnrf_cc310_platform_0.9.19.a(llf_rnd_trng90b.c.obj)
 .text.LLF_RND_GetTrngSource
                0x0000000000013bac       0x18 C:/ncs/v2.7.0/nrfxlib/crypto/nrf_cc310_platform/lib/cortex-m33/hard-float/no-interrupts/libnrf_cc310_platform_0.9.19.a(llf_rnd_trng90b.c.obj)
                0x0000000000013bac                LLF_RND_GetTrngSource
 .text.LLF_RND_RunTrngStartupTest
                0x0000000000013bc4       0x1c C:/ncs/v2.7.0/nrfxlib/crypto/nrf_cc310_platform/lib/cortex-m33/hard-float/no-interrupts/libnrf_cc310_platform_0.9.19.a(llf_rnd_trng90b.c.obj)
                0x0000000000013bc4                LLF_RND_RunTrngStartupTest
 .text.mbedtls_hardware_poll
                0x0000000000013be0       0xfc C:/ncs/v2.7.0/nrfxlib/crypto/nrf_cc310_platform/lib/cortex-m33/hard-float/no-interrupts/libnrf_cc310_platform_0.9.19.a(trng_api.c.obj)
                0x0000000000013be0                mbedtls_hardware_poll
 .text.cc_mbedtls_sha256_init
                0x0000000000013cdc       0x28 C:/ncs/v2.7.0/nrfxlib/crypto/nrf_cc310_platform/lib/cortex-m33/hard-float/no-interrupts/libnrf_cc310_platform_0.9.19.a(sha256_alt.c.obj)
                0x0000000000013cdc                cc_mbedtls_sha256_init
 .text.cc_mbedtls_sha256_free
                0x0000000000013d04        0xc C:/ncs/v2.7.0/nrfxlib/crypto/nrf_cc310_platform/lib/cortex-m33/hard-float/no-interrupts/libnrf_cc310_platform_0.9.19.a(sha256_alt.c.obj)
                0x0000000000013d04                cc_mbedtls_sha256_free
 .text.cc_mbedtls_sha256_starts
                0x0000000000013d10       0x28 C:/ncs/v2.7.0/nrfxlib/crypto/nrf_cc310_platform/lib/cortex-m33/hard-float/no-interrupts/libnrf_cc310_platform_0.9.19.a(sha256_alt.c.obj)
                0x0000000000013d10                cc_mbedtls_sha256_starts
 .text.cc_mbedtls_sha256_update
                0x0000000000013d38       0x54 C:/ncs/v2.7.0/nrfxlib/crypto/nrf_cc310_platform/lib/cortex-m33/hard-float/no-interrupts/libnrf_cc310_platform_0.9.19.a(sha256_alt.c.obj)
                0x0000000000013d38                cc_mbedtls_sha256_update
 .text.cc_mbedtls_sha256_finish
                0x0000000000013d8c       0x48 C:/ncs/v2.7.0/nrfxlib/crypto/nrf_cc310_platform/lib/cortex-m33/hard-float/no-interrupts/libnrf_cc310_platform_0.9.19.a(sha256_alt.c.obj)
                0x0000000000013d8c                cc_mbedtls_sha256_finish
 .text.mbedtls_sha_starts_internal
                0x0000000000013dd4       0x28 C:/ncs/v2.7.0/nrfxlib/crypto/nrf_cc310_platform/lib/cortex-m33/hard-float/no-interrupts/libnrf_cc310_platform_0.9.19.a(mbedtls_hash_common.c.obj)
                0x0000000000013dd4                mbedtls_sha_starts_internal
 .text.mbedtls_sha_finish_internal
                0x0000000000013dfc       0x5c C:/ncs/v2.7.0/nrfxlib/crypto/nrf_cc310_platform/lib/cortex-m33/hard-float/no-interrupts/libnrf_cc310_platform_0.9.19.a(mbedtls_hash_common.c.obj)
                0x0000000000013dfc                mbedtls_sha_finish_internal
 .text.mbedtls_sha_update_internal
                0x0000000000013e58      0x1ec C:/ncs/v2.7.0/nrfxlib/crypto/nrf_cc310_platform/lib/cortex-m33/hard-float/no-interrupts/libnrf_cc310_platform_0.9.19.a(mbedtls_hash_common.c.obj)
                0x0000000000013e58                mbedtls_sha_update_internal
 .text.cc_mbedtls_sha256
                0x0000000000014044       0x50 C:/ncs/v2.7.0/nrfxlib/crypto/nrf_cc310_platform/lib/cortex-m33/hard-float/no-interrupts/libnrf_cc310_platform_0.9.19.a(sha256.c.obj)
                0x0000000000014044                cc_mbedtls_sha256
 .text.RNG_PLAT_SetUserRngParameters
                0x0000000000014094       0x74 C:/ncs/v2.7.0/nrfxlib/crypto/nrf_cc310_platform/lib/cortex-m33/hard-float/no-interrupts/libnrf_cc310_platform_0.9.19.a(cc_rng_plat.c.obj)
                0x0000000000014094                RNG_PLAT_SetUserRngParameters
 .text.CC_PalTrngParamGet
                0x0000000000014108      0x114 C:/ncs/v2.7.0/nrfxlib/crypto/nrf_cc310_platform/lib/cortex-m33/hard-float/no-interrupts/libnrf_cc310_platform_0.9.19.a(cc_pal_trng.c.obj)
                0x0000000000014108                CC_PalTrngParamGet
 .text.LLF_RND_WaitRngInterrupt
                0x000000000001421c       0x20 C:/ncs/v2.7.0/nrfxlib/crypto/nrf_cc310_platform/lib/cortex-m33/hard-float/no-interrupts/libnrf_cc310_platform_0.9.19.a(llf_rnd.c.obj)
                0x000000000001421c                LLF_RND_WaitRngInterrupt
 .text.LLF_RND_GetRoscSampleCnt
                0x000000000001423c       0x34 C:/ncs/v2.7.0/nrfxlib/crypto/nrf_cc310_platform/lib/cortex-m33/hard-float/no-interrupts/libnrf_cc310_platform_0.9.19.a(llf_rnd.c.obj)
                0x000000000001423c                LLF_RND_GetRoscSampleCnt
 .text.LLF_RND_GetFastestRosc
                0x0000000000014270       0x20 C:/ncs/v2.7.0/nrfxlib/crypto/nrf_cc310_platform/lib/cortex-m33/hard-float/no-interrupts/libnrf_cc310_platform_0.9.19.a(llf_rnd.c.obj)
                0x0000000000014270                LLF_RND_GetFastestRosc
 .text.LLF_RND_TurnOffTrng
                0x0000000000014290       0x18 C:/ncs/v2.7.0/nrfxlib/crypto/nrf_cc310_platform/lib/cortex-m33/hard-float/no-interrupts/libnrf_cc310_platform_0.9.19.a(llf_rnd.c.obj)
                0x0000000000014290                LLF_RND_TurnOffTrng
 .text.SetDataBuffersInfo
                0x00000000000142a8       0x68 C:/ncs/v2.7.0/nrfxlib/crypto/nrf_cc310_platform/lib/cortex-m33/hard-float/no-interrupts/libnrf_cc310_platform_0.9.19.a(driver_common.c.obj)
                0x00000000000142a8                SetDataBuffersInfo
 .text.InitHashDrv
                0x0000000000014310       0x50 C:/ncs/v2.7.0/nrfxlib/crypto/nrf_cc310_platform/lib/cortex-m33/hard-float/no-interrupts/libnrf_cc310_platform_0.9.19.a(hash_driver.c.obj)
                0x0000000000014310                InitHashDrv
 .text.ProcessHashDrv
                0x0000000000014360      0x22c C:/ncs/v2.7.0/nrfxlib/crypto/nrf_cc310_platform/lib/cortex-m33/hard-float/no-interrupts/libnrf_cc310_platform_0.9.19.a(hash_driver.c.obj)
                0x0000000000014360                ProcessHashDrv
 .text.FinishHashDrv
                0x000000000001458c       0x74 C:/ncs/v2.7.0/nrfxlib/crypto/nrf_cc310_platform/lib/cortex-m33/hard-float/no-interrupts/libnrf_cc310_platform_0.9.19.a(hash_driver.c.obj)
                0x000000000001458c                FinishHashDrv
 .text.CC_PalDataBufferAttrGet
                0x0000000000014600        0x8 C:/ncs/v2.7.0/nrfxlib/crypto/nrf_cc310_platform/lib/cortex-m33/hard-float/no-interrupts/libnrf_cc310_platform_0.9.19.a(cc_pal_buff_attr.c.obj)
                0x0000000000014600                CC_PalDataBufferAttrGet
 .text          0x0000000000014608       0xc8 c:/ncs/toolchains/ce3b5ff664/opt/zephyr-sdk/arm-zephyr-eabi/bin/../lib/gcc/arm-zephyr-eabi/12.2.0/thumb/v8-m.main+fp/hard\libgcc.a(cmse.o)
                0x0000000000014608                cmse_check_address_range
 .text.exit     0x00000000000146d0       0x28 c:/ncs/toolchains/ce3b5ff664/opt/zephyr-sdk/arm-zephyr-eabi/bin/../lib/gcc/arm-zephyr-eabi/12.2.0/../../../../arm-zephyr-eabi/lib/thumb/v8-m.main+fp/hard\libc_nano.a(lib_a-exit.o)
                0x00000000000146d0                exit
 .text.__libc_init_array
                0x00000000000146f8       0x48 c:/ncs/toolchains/ce3b5ff664/opt/zephyr-sdk/arm-zephyr-eabi/bin/../lib/gcc/arm-zephyr-eabi/12.2.0/../../../../arm-zephyr-eabi/lib/thumb/v8-m.main+fp/hard\libc_nano.a(lib_a-init.o)
                0x00000000000146f8                __libc_init_array
 .text._exit    0x0000000000014740        0x4 c:/ncs/toolchains/ce3b5ff664/opt/zephyr-sdk/arm-zephyr-eabi/bin/../lib/gcc/arm-zephyr-eabi/12.2.0/../../../../arm-zephyr-eabi/lib/thumb/v8-m.main+fp/hard\libnosys.a(_exit.o)
                0x0000000000014740                _exit
 .text.clear_caller_context
                0x0000000000014744       0x5c secure_fw/CMakeFiles/tfm_s.dir/partitions/ns_agent_tz/psa_api_veneers_v80m.o
 .text.C_HardFault_Handler
                0x00000000000147a0        0x4 secure_fw/CMakeFiles/tfm_s.dir/__/platform/ext/common/faults.o
                0x00000000000147a0                C_HardFault_Handler
 .text.HardFault_Handler
                0x00000000000147a4       0x1c secure_fw/CMakeFiles/tfm_s.dir/__/platform/ext/common/faults.o
                0x00000000000147a4                HardFault_Handler
 .text.C_MemManage_Handler
                0x00000000000147c0        0x4 secure_fw/CMakeFiles/tfm_s.dir/__/platform/ext/common/faults.o
                0x00000000000147c0                C_MemManage_Handler
 .text.MemManage_Handler
                0x00000000000147c4       0x1c secure_fw/CMakeFiles/tfm_s.dir/__/platform/ext/common/faults.o
                0x00000000000147c4                MemManage_Handler
 .text.C_BusFault_Handler
                0x00000000000147e0        0x4 secure_fw/CMakeFiles/tfm_s.dir/__/platform/ext/common/faults.o
                0x00000000000147e0                C_BusFault_Handler
 .text.BusFault_Handler
                0x00000000000147e4       0x1c secure_fw/CMakeFiles/tfm_s.dir/__/platform/ext/common/faults.o
                0x00000000000147e4                BusFault_Handler
 .text.C_SecureFault_Handler
                0x0000000000014800        0x4 secure_fw/CMakeFiles/tfm_s.dir/__/platform/ext/common/faults.o
                0x0000000000014800                C_SecureFault_Handler
 .text.SecureFault_Handler
                0x0000000000014804       0x1c secure_fw/CMakeFiles/tfm_s.dir/__/platform/ext/common/faults.o
                0x0000000000014804                SecureFault_Handler
 .text.C_UsageFault_Handler
                0x0000000000014820        0x4 secure_fw/CMakeFiles/tfm_s.dir/__/platform/ext/common/faults.o
                0x0000000000014820                C_UsageFault_Handler
 .text.UsageFault_Handler
                0x0000000000014824       0x1c secure_fw/CMakeFiles/tfm_s.dir/__/platform/ext/common/faults.o
                0x0000000000014824                UsageFault_Handler
 .text.memcpy   0x0000000000014840       0x4a secure_fw/partitions/lib/runtime/libtfm_sprt.a(crt_memcpy.o)
                0x0000000000014840                memcpy
 .text.memset   0x000000000001488a       0x46 secure_fw/partitions/lib/runtime/libtfm_sprt.a(crt_memset.o)
                0x000000000001488a                memset
 .text.psa_framework_version
                0x00000000000148d0       0x18 secure_fw/partitions/lib/runtime/libtfm_sprt.a(psa_interface_sfn.o)
                0x00000000000148d0                psa_framework_version
 .text.psa_version
                0x00000000000148e8       0x1c secure_fw/partitions/lib/runtime/libtfm_sprt.a(psa_interface_sfn.o)
                0x00000000000148e8                psa_version
 .text.psa_read
                0x0000000000014904       0x2a secure_fw/partitions/lib/runtime/libtfm_sprt.a(psa_interface_sfn.o)
                0x0000000000014904                psa_read
 .text.psa_write
                0x000000000001492e       0x2a secure_fw/partitions/lib/runtime/libtfm_sprt.a(psa_interface_sfn.o)
                0x000000000001492e                psa_write
 .text.psa_panic
                0x0000000000014958       0x18 secure_fw/partitions/lib/runtime/libtfm_sprt.a(psa_interface_sfn.o)
                0x0000000000014958                psa_panic
 .text.platform_calloc_uninit
                0x0000000000014970        0x4 secure_fw/partitions/crypto/mbedcrypto/nrf_security_src/libcrypto_service_mbedcrypto.a(platform.o)
 .text.platform_free_uninit
                0x0000000000014974        0x2 secure_fw/partitions/crypto/mbedcrypto/nrf_security_src/libcrypto_service_mbedcrypto.a(platform.o)
 .text.mbedtls_zeroize_and_free
                0x0000000000014976       0x14 secure_fw/partitions/crypto/mbedcrypto/nrf_security_src/libcrypto_service_mbedcrypto.a(platform_util.o)
                0x0000000000014976                mbedtls_zeroize_and_free
 .text.psa_remove_key_data_from_memory
                0x000000000001498a       0x16 secure_fw/partitions/crypto/mbedcrypto/nrf_security_src/libcrypto_service_mbedcrypto.a(psa_crypto.o)
                0x000000000001498a                psa_remove_key_data_from_memory
 .text.psa_wipe_key_slot
                0x00000000000149a0       0x22 secure_fw/partitions/crypto/mbedcrypto/nrf_security_src/libcrypto_service_mbedcrypto.a(psa_crypto.o)
                0x00000000000149a0                psa_wipe_key_slot
 .text.psa_driver_wrapper_init
                0x00000000000149c2        0x4 secure_fw/partitions/crypto/mbedcrypto/nrf_security_src/libcrypto_service_mbedcrypto.a(psa_crypto_driver_wrappers.o)
                0x00000000000149c2                psa_driver_wrapper_init
 .text.psa_driver_wrapper_free
                0x00000000000149c6        0x2 secure_fw/partitions/crypto/mbedcrypto/nrf_security_src/libcrypto_service_mbedcrypto.a(psa_crypto_driver_wrappers.o)
                0x00000000000149c6                psa_driver_wrapper_free
 .text.psa_driver_wrapper_init_random
                0x00000000000149c8        0x4 secure_fw/partitions/crypto/mbedcrypto/nrf_security_src/libcrypto_service_mbedcrypto.a(psa_crypto_driver_wrappers.o)
                0x00000000000149c8                psa_driver_wrapper_init_random
 .text.psa_driver_wrapper_get_random
                0x00000000000149cc       0x22 secure_fw/partitions/crypto/mbedcrypto/nrf_security_src/libcrypto_service_mbedcrypto.a(psa_crypto_driver_wrappers.o)
                0x00000000000149cc                psa_driver_wrapper_get_random
 .text.psa_driver_wrapper_free_random
                0x00000000000149ee        0x4 secure_fw/partitions/crypto/mbedcrypto/nrf_security_src/libcrypto_service_mbedcrypto.a(psa_crypto_driver_wrappers.o)
                0x00000000000149ee                psa_driver_wrapper_free_random
 .text          0x00000000000149f2       0x5c c:/ncs/toolchains/ce3b5ff664/opt/zephyr-sdk/arm-zephyr-eabi/bin/../lib/gcc/arm-zephyr-eabi/12.2.0/thumb/v8-m.main+fp/hard\libgcc.a(cmse_nonsecure_call.o)
                0x00000000000149f2                __gnu_cmse_nonsecure_call
 .text.memmove  0x0000000000014a4e       0x34 c:/ncs/toolchains/ce3b5ff664/opt/zephyr-sdk/arm-zephyr-eabi/bin/../lib/gcc/arm-zephyr-eabi/12.2.0/../../../../arm-zephyr-eabi/lib/thumb/v8-m.main+fp/hard\libc_nano.a(lib_a-memmove.o)
                0x0000000000014a4e                memmove
 *(.init)
 *fill*         0x0000000000014a82        0x2 
 .init          0x0000000000014a84        0x4 c:/ncs/toolchains/ce3b5ff664/opt/zephyr-sdk/arm-zephyr-eabi/bin/../lib/gcc/arm-zephyr-eabi/12.2.0/thumb/v8-m.main+fp/hard/crti.o
                0x0000000000014a84                _init
 .init          0x0000000000014a88        0x8 c:/ncs/toolchains/ce3b5ff664/opt/zephyr-sdk/arm-zephyr-eabi/bin/../lib/gcc/arm-zephyr-eabi/12.2.0/thumb/v8-m.main+fp/hard/crtn.o
 *(.fini)
 .fini          0x0000000000014a90        0x4 c:/ncs/toolchains/ce3b5ff664/opt/zephyr-sdk/arm-zephyr-eabi/bin/../lib/gcc/arm-zephyr-eabi/12.2.0/thumb/v8-m.main+fp/hard/crti.o
                0x0000000000014a90                _fini
 .fini          0x0000000000014a94        0x8 c:/ncs/toolchains/ce3b5ff664/opt/zephyr-sdk/arm-zephyr-eabi/bin/../lib/gcc/arm-zephyr-eabi/12.2.0/thumb/v8-m.main+fp/hard/crtn.o
 *crtbegin.o(.ctors)
 *crtbegin?.o(.ctors)
 *(EXCLUDE_FILE(*crtend.o *crtend?.o) .ctors)
 *(SORT_BY_NAME(.ctors.*))
 *(.ctors)
 *crtbegin.o(.dtors)
 *crtbegin?.o(.dtors)
 *(EXCLUDE_FILE(*crtend.o *crtend?.o) .dtors)
 *(SORT_BY_NAME(.dtors.*))
 *(.dtors)
 *(SORT_BY_ALIGNMENT(.rodata*))
 .rodata.CSWTCH.10
                0x0000000000014a9c       0x1c C:/ncs/v2.7.0/nrfxlib/crypto/nrf_cc310_platform/lib/cortex-m33/hard-float/no-interrupts/libnrf_cc310_platform_0.9.19.a(nrf_cc3xx_platform.c.obj)
 .rodata.RndStartupTest.constprop.0.str1.4
                0x0000000000014ab8       0x6f C:/ncs/v2.7.0/nrfxlib/crypto/nrf_cc310_platform/lib/cortex-m33/hard-float/no-interrupts/libnrf_cc310_platform_0.9.19.a(cc_lib.c.obj)
 *fill*         0x0000000000014b27        0x1 
 .rodata.CC_PalPowerSaveModeInit.str1.4
                0x0000000000014b28       0x20 C:/ncs/v2.7.0/nrfxlib/crypto/nrf_cc310_platform/lib/cortex-m33/hard-float/no-interrupts/libnrf_cc310_platform_0.9.19.a(cc_pal_pm.c.obj)
 .rodata.mutex_free.str1.4
                0x0000000000014b48       0x26 C:/ncs/v2.7.0/nrfxlib/crypto/nrf_cc310_platform/lib/cortex-m33/hard-float/no-interrupts/libnrf_cc310_platform_0.9.19.a(nrf_cc3xx_platform_mutex.c.obj)
 *fill*         0x0000000000014b6e        0x2 
 .rodata.mutex_init.str1.4
                0x0000000000014b70       0x23 C:/ncs/v2.7.0/nrfxlib/crypto/nrf_cc310_platform/lib/cortex-m33/hard-float/no-interrupts/libnrf_cc310_platform_0.9.19.a(nrf_cc3xx_platform_mutex.c.obj)
 *fill*         0x0000000000014b93        0x1 
 .rodata.mbedtls_hardware_poll.str1.4
                0x0000000000014b94       0x16 C:/ncs/v2.7.0/nrfxlib/crypto/nrf_cc310_platform/lib/cortex-m33/hard-float/no-interrupts/libnrf_cc310_platform_0.9.19.a(trng_api.c.obj)
                                         0x6e (size before relaxing)
 *fill*         0x0000000000014baa        0x2 
 .rodata.cc_mbedtls_sha256_init.str1.4
                0x0000000000014bac        0xe C:/ncs/v2.7.0/nrfxlib/crypto/nrf_cc310_platform/lib/cortex-m33/hard-float/no-interrupts/libnrf_cc310_platform_0.9.19.a(sha256_alt.c.obj)
 .rodata.ProcessHashDrv.str1.4
                0x0000000000014bba       0x6f C:/ncs/v2.7.0/nrfxlib/crypto/nrf_cc310_platform/lib/cortex-m33/hard-float/no-interrupts/libnrf_cc310_platform_0.9.19.a(hash_driver.c.obj)
 *fill*         0x0000000000014bba        0x2 
 .rodata.HASH_LARVAL_SHA256
                0x0000000000014bbc       0x20 C:/ncs/v2.7.0/nrfxlib/crypto/nrf_cc310_platform/lib/cortex-m33/hard-float/no-interrupts/libnrf_cc310_platform_0.9.19.a(hash_driver.c.obj)
 .rodata.HASH_LARVAL_SHA224
                0x0000000000014bdc       0x20 C:/ncs/v2.7.0/nrfxlib/crypto/nrf_cc310_platform/lib/cortex-m33/hard-float/no-interrupts/libnrf_cc310_platform_0.9.19.a(hash_driver.c.obj)
 .rodata.HASH_LARVAL_SHA1
                0x0000000000014bfc       0x14 C:/ncs/v2.7.0/nrfxlib/crypto/nrf_cc310_platform/lib/cortex-m33/hard-float/no-interrupts/libnrf_cc310_platform_0.9.19.a(hash_driver.c.obj)
 .rodata._global_impure_ptr
                0x0000000000014c10        0x4 c:/ncs/toolchains/ce3b5ff664/opt/zephyr-sdk/arm-zephyr-eabi/bin/../lib/gcc/arm-zephyr-eabi/12.2.0/../../../../arm-zephyr-eabi/lib/thumb/v8-m.main+fp/hard\libc_nano.a(lib_a-impure.o)
                0x0000000000014c10                _global_impure_ptr
 .rodata.str1.1
                0x0000000000014c14        0xb secure_fw/CMakeFiles/tfm_s.dir/__/generated/secure_fw/partitions/crypto/auto_generated/load_info_tfm_crypto.o
 .rodata.str1.1
                0x0000000000014c1f       0x15 secure_fw/CMakeFiles/tfm_s.dir/__/generated/secure_fw/partitions/platform/auto_generated/load_info_tfm_platform.o
 *(.eh_frame*)
 .eh_frame      0x0000000000014c34        0x0 c:/ncs/toolchains/ce3b5ff664/opt/zephyr-sdk/arm-zephyr-eabi/bin/../lib/gcc/arm-zephyr-eabi/12.2.0/thumb/v8-m.main+fp/hard/crtbegin.o
 .eh_frame      0x0000000000014c34        0x4 c:/ncs/toolchains/ce3b5ff664/opt/zephyr-sdk/arm-zephyr-eabi/bin/../lib/gcc/arm-zephyr-eabi/12.2.0/thumb/v8-m.main+fp/hard/crtend.o
                0x0000000000014c40                . = ALIGN (0x20)
 *fill*         0x0000000000014c38        0x8 
                0x00000000000123e0                Image$$TFM_UNPRIV_CODE_START$$RO$$Base = ADDR (.TFM_UNPRIV_CODE)
                0x0000000000014c40                Image$$TFM_UNPRIV_CODE_END$$RO$$Limit = (ADDR (.TFM_UNPRIV_CODE) + SIZEOF (.TFM_UNPRIV_CODE))

.glue_7         0x0000000000014c40        0x0
 .glue_7        0x0000000000014c40        0x0 linker stubs

.glue_7t        0x0000000000014c40        0x0
 .glue_7t       0x0000000000014c40        0x0 linker stubs

.vfp11_veneer   0x0000000000014c40        0x0
 .vfp11_veneer  0x0000000000014c40        0x0 linker stubs

.v4_bx          0x0000000000014c40        0x0
 .v4_bx         0x0000000000014c40        0x0 linker stubs

.iplt           0x0000000000014c40        0x0
 .iplt          0x0000000000014c40        0x0 c:/ncs/toolchains/ce3b5ff664/opt/zephyr-sdk/arm-zephyr-eabi/bin/../lib/gcc/arm-zephyr-eabi/12.2.0/thumb/v8-m.main+fp/hard/crtbegin.o

.rel.dyn        0x0000000000014c40        0x0
 .rel.iplt      0x0000000000014c40        0x0 c:/ncs/toolchains/ce3b5ff664/opt/zephyr-sdk/arm-zephyr-eabi/bin/../lib/gcc/arm-zephyr-eabi/12.2.0/thumb/v8-m.main+fp/hard/crtbegin.o

.gnu.sgstubs    0x0000000000017c00       0x40
 *(.gnu.sgstubs*)
 .gnu.sgstubs.__stub
                0x0000000000017c00       0x28 linker stubs
                0x0000000000017c00                tfm_psa_framework_version_veneer
                0x0000000000017c08                tfm_psa_version_veneer
                0x0000000000017c10                tfm_psa_close_veneer
                0x0000000000017c18                tfm_psa_connect_veneer
                0x0000000000017c20                tfm_psa_call_veneer

.sgstubs_end    0x0000000000018000        0x0

.tfm_secure_data_start
                0x0000000020000000        0x0
                0x0000000020000000                . = ALIGN (0x4)

.tfm_bl2_shared_data
                0x0000000020000000      0x400
                0x0000000020000400                . = (. + 0x400)
 *fill*         0x0000000020000000      0x400 

.msp_stack      0x0000000020000400      0x7f8
                0x0000000020000bf8                . = (. + (__msp_stack_size__ - 0x8))
 *fill*         0x0000000020000400      0x7f8 
                0x0000000020000400                Image$$ARM_LIB_STACK$$ZI$$Base = ADDR (.msp_stack)
                0x0000000020000bf8                Image$$ARM_LIB_STACK$$ZI$$Limit = (ADDR (.msp_stack) + SIZEOF (.msp_stack))

.msp_stack_seal_res
                0x0000000020000bf8        0x8
                0x0000000020000c00                . = (. + 0x8)
 *fill*         0x0000000020000bf8        0x8 
                0x0000000020000bf8                __StackSeal = ADDR (.msp_stack_seal_res)
                0x0000000020000c00                . = ALIGN (0x20)
                0x0000000020000c00                Image$$TFM_APP_RW_STACK_START$$Base = .

.TFM_APP_ROT_LINKER_DATA
                0x0000000020000c00        0x0 load address 0x0000000000017c40
 *tfm_app_rot_partition*:(SORT_BY_ALIGNMENT(.data*))
 *(TFM_*_APP-ROT_ATTR_RW)
                0x0000000020000c00                . = ALIGN (0x4)
                0x0000000020000c00                Image$$TFM_APP_ROT_LINKER_DATA$$RW$$Base = ADDR (.TFM_APP_ROT_LINKER_DATA)
                0x0000000020000c00                Image$$TFM_APP_ROT_LINKER_DATA$$RW$$Limit = (ADDR (.TFM_APP_ROT_LINKER_DATA) + SIZEOF (.TFM_APP_ROT_LINKER_DATA))

.TFM_APP_ROT_LINKER_BSS
                0x0000000020000c00       0x20
                0x0000000020000c00                start_of_TFM_APP_ROT_LINKER = .
 *tfm_app_rot_partition*:(SORT_BY_ALIGNMENT(.bss*))
 *tfm_app_rot_partition*:*(COMMON)
 *(TFM_*_APP-ROT_ATTR_ZI)
                0x0000000020000c04                . = (. + (. - start_of_TFM_APP_ROT_LINKER)?0x0:0x4)
 *fill*         0x0000000020000c00        0x4 
                0x0000000020000c20                . = ALIGN (0x20)
 *fill*         0x0000000020000c04       0x1c 
                0x0000000020000c00                Image$$TFM_APP_ROT_LINKER_DATA$$ZI$$Base = ADDR (.TFM_APP_ROT_LINKER_BSS)
                0x0000000020000c20                Image$$TFM_APP_ROT_LINKER_DATA$$ZI$$Limit = (ADDR (.TFM_APP_ROT_LINKER_BSS) + SIZEOF (.TFM_APP_ROT_LINKER_BSS))
                0x0000000020000c20                Image$$TFM_APP_RW_STACK_END$$Base = .
                0x0000000020000c20                Image$$TFM_PSA_RW_STACK_START$$Base = .

.TFM_PSA_ROT_LINKER_DATA
                0x0000000020000c20        0x0 load address 0x0000000000017c40
 *tfm_psa_rot_partition*:(SORT_BY_ALIGNMENT(.data*))
 *(TFM_*_PSA-ROT_ATTR_RW)
                0x0000000020000c20                . = ALIGN (0x4)
                0x0000000020000c20                Image$$TFM_PSA_ROT_LINKER_DATA$$RW$$Base = ADDR (.TFM_PSA_ROT_LINKER_DATA)
                0x0000000020000c20                Image$$TFM_PSA_ROT_LINKER_DATA$$RW$$Limit = (ADDR (.TFM_PSA_ROT_LINKER_DATA) + SIZEOF (.TFM_PSA_ROT_LINKER_DATA))

.TFM_PSA_ROT_LINKER_BSS
                0x0000000020000c20      0x460
                0x0000000020000c20                start_of_TFM_PSA_ROT_LINKER = .
 *tfm_psa_rot_partition*:(SORT_BY_ALIGNMENT(.bss*))
 .bss.scratch   0x0000000020000c20      0x408 secure_fw/partitions/crypto/libtfm_psa_rot_partition_crypto.a(crypto_init.o)
 .bss.operations
                0x0000000020001028       0x28 secure_fw/partitions/crypto/libtfm_psa_rot_partition_crypto.a(crypto_alloc.o)
 .bss.mbedtls_mem_buf
                0x0000000020001050        0x1 secure_fw/partitions/crypto/libtfm_psa_rot_partition_crypto.a(crypto_library.o)
 .bss.mbedtls_version_full
                0x0000000020001051       0x12 secure_fw/partitions/crypto/libtfm_psa_rot_partition_crypto.a(crypto_library.o)
 *tfm_psa_rot_partition*:*(COMMON)
 *(TFM_*_PSA-ROT_ATTR_ZI)
                0x0000000020001063                . = (. + (. - start_of_TFM_PSA_ROT_LINKER)?0x0:0x4)
                0x0000000020001080                . = ALIGN (0x20)
 *fill*         0x0000000020001063       0x1d 
                0x0000000020000c20                Image$$TFM_PSA_ROT_LINKER_DATA$$ZI$$Base = ADDR (.TFM_PSA_ROT_LINKER_BSS)
                0x0000000020001080                Image$$TFM_PSA_ROT_LINKER_DATA$$ZI$$Limit = (ADDR (.TFM_PSA_ROT_LINKER_BSS) + SIZEOF (.TFM_PSA_ROT_LINKER_BSS))
                0x0000000020001080                Image$$TFM_PSA_RW_STACK_END$$Base = .

.TFM_DATA       0x0000000020001080       0xfc load address 0x0000000000017c40
 *(SORT_BY_ALIGNMENT(.data*))
 .data.ret_err  0x0000000020001080        0x4 secure_fw/CMakeFiles/tfm_s.dir/partitions/ns_agent_tz/psa_api_veneers_v80m.o
                0x0000000020001080                ret_err
 .data.dev_mpu_s
                0x0000000020001084        0x4 secure_fw/spm/libtfm_spm.a(tfm_hal_isolation.o)
                0x0000000020001084                dev_mpu_s
 .data.tfm_peripheral_vmc
                0x0000000020001088        0x8 secure_fw/spm/libtfm_spm.a(target_cfg.o)
                0x0000000020001088                tfm_peripheral_vmc
 .data.serv_pool_sa
                0x0000000020001090        0x4 secure_fw/spm/libtfm_spm.a(rom_loader.o)
 .data.part_pool_sa
                0x0000000020001094        0x4 secure_fw/spm/libtfm_spm.a(rom_loader.o)
 .data.ldinf_sa
                0x0000000020001098        0x4 secure_fw/spm/libtfm_spm.a(rom_loader.o)
 .data.mbedtls_free_func
                0x000000002000109c        0x4 secure_fw/partitions/crypto/mbedcrypto/nrf_security_src/libcrypto_service_mbedcrypto.a(platform.o)
 .data.mbedtls_calloc_func
                0x00000000200010a0        0x4 secure_fw/partitions/crypto/mbedcrypto/nrf_security_src/libcrypto_service_mbedcrypto.a(platform.o)
 .data.memset_func
                0x00000000200010a4        0x4 secure_fw/partitions/crypto/mbedcrypto/nrf_security_src/libcrypto_service_mbedcrypto.a(platform_util.o)
 .data.pCCRndCryptoMutex
                0x00000000200010a8        0x4 C:/ncs/v2.7.0/nrfxlib/crypto/nrf_cc310_platform/lib/cortex-m33/hard-float/no-interrupts/libnrf_cc310_platform_0.9.19.a(cc_pal.c.obj)
                0x00000000200010a8                pCCRndCryptoMutex
 .data.CCPowerMutex
                0x00000000200010ac        0x4 C:/ncs/v2.7.0/nrfxlib/crypto/nrf_cc310_platform/lib/cortex-m33/hard-float/no-interrupts/libnrf_cc310_platform_0.9.19.a(cc_pal.c.obj)
                0x00000000200010ac                CCPowerMutex
 .data.CCRndCryptoMutex
                0x00000000200010b0        0x4 C:/ncs/v2.7.0/nrfxlib/crypto/nrf_cc310_platform/lib/cortex-m33/hard-float/no-interrupts/libnrf_cc310_platform_0.9.19.a(cc_pal.c.obj)
                0x00000000200010b0                CCRndCryptoMutex
 .data.CCAsymCryptoMutex
                0x00000000200010b4        0x4 C:/ncs/v2.7.0/nrfxlib/crypto/nrf_cc310_platform/lib/cortex-m33/hard-float/no-interrupts/libnrf_cc310_platform_0.9.19.a(cc_pal.c.obj)
                0x00000000200010b4                CCAsymCryptoMutex
 .data.CCSymCryptoMutex
                0x00000000200010b8        0x4 C:/ncs/v2.7.0/nrfxlib/crypto/nrf_cc310_platform/lib/cortex-m33/hard-float/no-interrupts/libnrf_cc310_platform_0.9.19.a(cc_pal.c.obj)
                0x00000000200010b8                CCSymCryptoMutex
 .data.mbedtls_mutex_unlock
                0x00000000200010bc        0x4 C:/ncs/v2.7.0/nrfxlib/crypto/nrf_cc310_platform/lib/cortex-m33/hard-float/no-interrupts/libnrf_cc310_platform_0.9.19.a(threading_alt.c.obj)
                0x00000000200010bc                mbedtls_mutex_unlock
 .data.mbedtls_mutex_lock
                0x00000000200010c0        0x4 C:/ncs/v2.7.0/nrfxlib/crypto/nrf_cc310_platform/lib/cortex-m33/hard-float/no-interrupts/libnrf_cc310_platform_0.9.19.a(threading_alt.c.obj)
                0x00000000200010c0                mbedtls_mutex_lock
 .data.mbedtls_mutex_init
                0x00000000200010c4        0x4 C:/ncs/v2.7.0/nrfxlib/crypto/nrf_cc310_platform/lib/cortex-m33/hard-float/no-interrupts/libnrf_cc310_platform_0.9.19.a(threading_alt.c.obj)
                0x00000000200010c4                mbedtls_mutex_init
 .data.platform_abort_apis
                0x00000000200010c8        0x8 C:/ncs/v2.7.0/nrfxlib/crypto/nrf_cc310_platform/lib/cortex-m33/hard-float/no-interrupts/libnrf_cc310_platform_0.9.19.a(nrf_cc3xx_platform_abort.c.obj)
                0x00000000200010c8                platform_abort_apis
 .data.platform_mutexes
                0x00000000200010d0       0x14 C:/ncs/v2.7.0/nrfxlib/crypto/nrf_cc310_platform/lib/cortex-m33/hard-float/no-interrupts/libnrf_cc310_platform_0.9.19.a(nrf_cc3xx_platform_mutex.c.obj)
                0x00000000200010d0                platform_mutexes
 .data.platform_mutex_apis
                0x00000000200010e4       0x10 C:/ncs/v2.7.0/nrfxlib/crypto/nrf_cc310_platform/lib/cortex-m33/hard-float/no-interrupts/libnrf_cc310_platform_0.9.19.a(nrf_cc3xx_platform_mutex.c.obj)
                0x00000000200010e4                platform_mutex_apis
 .data.power_mutex
                0x00000000200010f4        0x8 C:/ncs/v2.7.0/nrfxlib/crypto/nrf_cc310_platform/lib/cortex-m33/hard-float/no-interrupts/libnrf_cc310_platform_0.9.19.a(nrf_cc3xx_platform_mutex.c.obj)
 .data.rng_mutex
                0x00000000200010fc        0x8 C:/ncs/v2.7.0/nrfxlib/crypto/nrf_cc310_platform/lib/cortex-m33/hard-float/no-interrupts/libnrf_cc310_platform_0.9.19.a(nrf_cc3xx_platform_mutex.c.obj)
 .data.asym_mutex
                0x0000000020001104        0x8 C:/ncs/v2.7.0/nrfxlib/crypto/nrf_cc310_platform/lib/cortex-m33/hard-float/no-interrupts/libnrf_cc310_platform_0.9.19.a(nrf_cc3xx_platform_mutex.c.obj)
 .data.sym_mutex
                0x000000002000110c        0x8 C:/ncs/v2.7.0/nrfxlib/crypto/nrf_cc310_platform/lib/cortex-m33/hard-float/no-interrupts/libnrf_cc310_platform_0.9.19.a(nrf_cc3xx_platform_mutex.c.obj)
 .data.impure_data
                0x0000000020001114       0x60 c:/ncs/toolchains/ce3b5ff664/opt/zephyr-sdk/arm-zephyr-eabi/bin/../lib/gcc/arm-zephyr-eabi/12.2.0/../../../../arm-zephyr-eabi/lib/thumb/v8-m.main+fp/hard\libc_nano.a(lib_a-impure.o)
                0x0000000020001174                . = ALIGN (0x4)
                0x0000000020001174                PROVIDE (__preinit_array_start = .)
 *(.preinit_array)
                0x0000000020001174                PROVIDE (__preinit_array_end = .)
                0x0000000020001174                . = ALIGN (0x4)
                0x0000000020001174                PROVIDE (__init_array_start = .)
 *(SORT_BY_NAME(.init_array.*))
 *(.init_array)
 .init_array    0x0000000020001174        0x4 c:/ncs/toolchains/ce3b5ff664/opt/zephyr-sdk/arm-zephyr-eabi/bin/../lib/gcc/arm-zephyr-eabi/12.2.0/thumb/v8-m.main+fp/hard/crtbegin.o
                0x0000000020001178                PROVIDE (__init_array_end = .)
                0x0000000020001178                . = ALIGN (0x4)
                [!provide]                        PROVIDE (__fini_array_start = .)
 *(SORT_BY_NAME(.fini_array.*))
 *(.fini_array)
 .fini_array    0x0000000020001178        0x4 c:/ncs/toolchains/ce3b5ff664/opt/zephyr-sdk/arm-zephyr-eabi/bin/../lib/gcc/arm-zephyr-eabi/12.2.0/thumb/v8-m.main+fp/hard/crtbegin.o
                [!provide]                        PROVIDE (__fini_array_end = .)
 *(.jcr*)
                0x000000002000117c                . = ALIGN (0x4)
                0x0000000020001080                Image$$ER_TFM_DATA$$RW$$Base = ADDR (.TFM_DATA)
                0x000000002000117c                Image$$ER_TFM_DATA$$RW$$Limit = (ADDR (.TFM_DATA) + SIZEOF (.TFM_DATA))

.tm_clone_table
                0x000000002000117c        0x0 load address 0x0000000000017d3c
 .tm_clone_table
                0x000000002000117c        0x0 c:/ncs/toolchains/ce3b5ff664/opt/zephyr-sdk/arm-zephyr-eabi/bin/../lib/gcc/arm-zephyr-eabi/12.2.0/thumb/v8-m.main+fp/hard/crtbegin.o
 .tm_clone_table
                0x000000002000117c        0x0 c:/ncs/toolchains/ce3b5ff664/opt/zephyr-sdk/arm-zephyr-eabi/bin/../lib/gcc/arm-zephyr-eabi/12.2.0/thumb/v8-m.main+fp/hard/crtend.o

.igot.plt       0x000000002000117c        0x0 load address 0x0000000000017d3c
 .igot.plt      0x000000002000117c        0x0 c:/ncs/toolchains/ce3b5ff664/opt/zephyr-sdk/arm-zephyr-eabi/bin/../lib/gcc/arm-zephyr-eabi/12.2.0/thumb/v8-m.main+fp/hard/crtbegin.o

.TFM_BSS        0x000000002000117c     0x16a8
                0x000000002000117c                __bss_start__ = .
                0x000000002000117c                __partition_runtime_start__ = .
 *(.bss.part_runtime_priority_00)
 .bss.part_runtime_priority_00
                0x000000002000117c       0x24 secure_fw/CMakeFiles/tfm_s.dir/partitions/ns_agent_tz/load_info_ns_agent_tz.o
 *(.bss.part_runtime_priority_01)
 *(.bss.part_runtime_priority_02)
 .bss.part_runtime_priority_02
                0x00000000200011a0       0x24 secure_fw/CMakeFiles/tfm_s.dir/__/generated/secure_fw/partitions/crypto/auto_generated/load_info_tfm_crypto.o
 .bss.part_runtime_priority_02
                0x00000000200011c4       0x24 secure_fw/CMakeFiles/tfm_s.dir/__/generated/secure_fw/partitions/platform/auto_generated/load_info_tfm_platform.o
 *(.bss.part_runtime_priority_03)
                0x00000000200011e8                __partition_runtime_end__ = .
                0x00000000200011e8                . = ALIGN (0x4)
                0x00000000200011e8                __service_runtime_start__ = .
 *(.bss.serv_runtime_priority_00)
 *(.bss.serv_runtime_priority_01)
 *(.bss.serv_runtime_priority_02)
 .bss.serv_runtime_priority_02
                0x00000000200011e8        0xc secure_fw/CMakeFiles/tfm_s.dir/__/generated/secure_fw/partitions/crypto/auto_generated/load_info_tfm_crypto.o
 .bss.serv_runtime_priority_02
                0x00000000200011f4        0xc secure_fw/CMakeFiles/tfm_s.dir/__/generated/secure_fw/partitions/platform/auto_generated/load_info_tfm_platform.o
 *(.bss.serv_runtime_priority_03)
                0x0000000020001200                __service_runtime_end__ = .
 *(SORT_BY_ALIGNMENT(.bss*))
 .bss.ns_agent_tz_stack
                0x0000000020001200      0x680 secure_fw/CMakeFiles/tfm_s.dir/partitions/ns_agent_tz/load_info_ns_agent_tz.o
                0x0000000020001200                ns_agent_tz_stack
 .bss           0x0000000020001880       0x1c c:/ncs/toolchains/ce3b5ff664/opt/zephyr-sdk/arm-zephyr-eabi/bin/../lib/gcc/arm-zephyr-eabi/12.2.0/thumb/v8-m.main+fp/hard/crtbegin.o
 .bss.exception_info
                0x000000002000189c       0x7c platform/libplatform_s.a(exception_info.o)